Archive member included to satisfy reference by file (symbol)

d:/ides/atmel/studio/7.0/toolchain/avr8/avr8-gnu-toolchain/bin/../lib/gcc/avr/5.4.0/avr6\libgcc.a(_udivmodsi4.o)
                              src/ASF/common/services/calendar/calendar.o (__udivmodsi4)
d:/ides/atmel/studio/7.0/toolchain/avr8/avr8-gnu-toolchain/bin/../lib/gcc/avr/5.4.0/avr6\libgcc.a(_exit.o)
                              D:/IDEs/Atmel/Studio/7.0/Packs/atmel/ATmega_DFP/1.6.364/gcc/dev/atmega2560/avr6/crtatmega2560.o (exit)
d:/ides/atmel/studio/7.0/toolchain/avr8/avr8-gnu-toolchain/bin/../lib/gcc/avr/5.4.0/avr6\libgcc.a(_copy_data.o)
                              src/ASF/common/services/calendar/calendar.o (__do_copy_data)
d:/ides/atmel/studio/7.0/toolchain/avr8/avr8-gnu-toolchain/bin/../lib/gcc/avr/5.4.0/avr6\libgcc.a(_clear_bss.o)
                              src/ASF/common/utils/stdio/read.o (__do_clear_bss)
d:/ides/atmel/studio/7.0/toolchain/avr8/avr8-gnu-toolchain/bin/../lib/gcc/avr/5.4.0/avr6\libgcc.a(_umulhisi3.o)
                              src/ASF/common/services/calendar/calendar.o (__umulhisi3)
d:/ides/atmel/studio/7.0/toolchain/avr8/avr8-gnu-toolchain/bin/../lib/gcc/avr/5.4.0/avr6\libgcc.a(_usmulhisi3.o)
                              src/ASF/common/services/calendar/calendar.o (__usmulhisi3)
d:/ides/atmel/studio/7.0/toolchain/avr8/avr8-gnu-toolchain/bin/../lib/gcc/avr/5.4.0/avr6\libgcc.a(_muluhisi3.o)
                              src/ASF/common/services/calendar/calendar.o (__muluhisi3)
d:/ides/atmel/studio/7.0/toolchain/avr8/avr8-gnu-toolchain/bin/../lib/gcc/avr/5.4.0/../../../../avr/lib/avr6\libc.a(setjmp.o)
                              src/ASF/common/utils/unit_test/suite.o (setjmp)
d:/ides/atmel/studio/7.0/toolchain/avr8/avr8-gnu-toolchain/bin/../lib/gcc/avr/5.4.0/../../../../avr/lib/avr6\libc.a(fputc.o)
                              src/ASF/common/utils/unit_test/suite.o (fputc)
d:/ides/atmel/studio/7.0/toolchain/avr8/avr8-gnu-toolchain/bin/../lib/gcc/avr/5.4.0/../../../../avr/lib/avr6\libc.a(iob.o)
                              src/ASF/common/utils/unit_test/suite.o (__iob)
d:/ides/atmel/studio/7.0/toolchain/avr8/avr8-gnu-toolchain/bin/../lib/gcc/avr/5.4.0/../../../../avr/lib/avr6\libc.a(printf.o)
                              src/ASF/common/services/calendar/calendar.o (printf)
d:/ides/atmel/studio/7.0/toolchain/avr8/avr8-gnu-toolchain/bin/../lib/gcc/avr/5.4.0/../../../../avr/lib/avr6\libc.a(puts.o)
                              src/ASF/common/utils/unit_test/suite.o (puts)
d:/ides/atmel/studio/7.0/toolchain/avr8/avr8-gnu-toolchain/bin/../lib/gcc/avr/5.4.0/../../../../avr/lib/avr6\libc.a(vfprintf_std.o)
                              src/ASF/common/utils/unit_test/suite.o (vfprintf)
d:/ides/atmel/studio/7.0/toolchain/avr8/avr8-gnu-toolchain/bin/../lib/gcc/avr/5.4.0/../../../../avr/lib/avr6\libc.a(strnlen_P.o)
                              d:/ides/atmel/studio/7.0/toolchain/avr8/avr8-gnu-toolchain/bin/../lib/gcc/avr/5.4.0/../../../../avr/lib/avr6\libc.a(vfprintf_std.o) (strnlen_P)
d:/ides/atmel/studio/7.0/toolchain/avr8/avr8-gnu-toolchain/bin/../lib/gcc/avr/5.4.0/../../../../avr/lib/avr6\libc.a(strnlen.o)
                              d:/ides/atmel/studio/7.0/toolchain/avr8/avr8-gnu-toolchain/bin/../lib/gcc/avr/5.4.0/../../../../avr/lib/avr6\libc.a(vfprintf_std.o) (strnlen)
d:/ides/atmel/studio/7.0/toolchain/avr8/avr8-gnu-toolchain/bin/../lib/gcc/avr/5.4.0/../../../../avr/lib/avr6\libc.a(ultoa_invert.o)
                              d:/ides/atmel/studio/7.0/toolchain/avr8/avr8-gnu-toolchain/bin/../lib/gcc/avr/5.4.0/../../../../avr/lib/avr6\libc.a(vfprintf_std.o) (__ultoa_invert)

Allocating common symbols
Common symbol       size              file

ptr_get             0x2               src/ASF/common/utils/stdio/read.o
ptr_put             0x2               src/ASF/common/utils/stdio/write.o
stdio_base          0x2               src/ASF/common/utils/stdio/write.o
__iob               0x6               d:/ides/atmel/studio/7.0/toolchain/avr8/avr8-gnu-toolchain/bin/../lib/gcc/avr/5.4.0/../../../../avr/lib/avr6\libc.a(iob.o)
test_priv_data      0x2               src/ASF/common/utils/unit_test/suite.o

Discarded input sections

 .data          0x00000000        0x0 D:/IDEs/Atmel/Studio/7.0/Packs/atmel/ATmega_DFP/1.6.364/gcc/dev/atmega2560/avr6/crtatmega2560.o
 .bss           0x00000000        0x0 D:/IDEs/Atmel/Studio/7.0/Packs/atmel/ATmega_DFP/1.6.364/gcc/dev/atmega2560/avr6/crtatmega2560.o
 .group         0x00000000        0x8 src/ASF/common/services/calendar/calendar.o
 .group         0x00000000        0x8 src/ASF/common/services/calendar/calendar.o
 .group         0x00000000        0x8 src/ASF/common/services/calendar/calendar.o
 .group         0x00000000        0x8 src/ASF/common/services/calendar/calendar.o
 .group         0x00000000        0x8 src/ASF/common/services/calendar/calendar.o
 .group         0x00000000        0x8 src/ASF/common/services/calendar/calendar.o
 .group         0x00000000        0x8 src/ASF/common/services/calendar/calendar.o
 .group         0x00000000        0x8 src/ASF/common/services/calendar/calendar.o
 .group         0x00000000        0x8 src/ASF/common/services/calendar/calendar.o
 .group         0x00000000        0x8 src/ASF/common/services/calendar/calendar.o
 .group         0x00000000        0x8 src/ASF/common/services/calendar/calendar.o
 .group         0x00000000        0x8 src/ASF/common/services/calendar/calendar.o
 .group         0x00000000        0x8 src/ASF/common/services/calendar/calendar.o
 .group         0x00000000        0x8 src/ASF/common/services/calendar/calendar.o
 .group         0x00000000        0x8 src/ASF/common/services/calendar/calendar.o
 .group         0x00000000        0x8 src/ASF/common/services/calendar/calendar.o
 .group         0x00000000        0x8 src/ASF/common/services/calendar/calendar.o
 .group         0x00000000        0x8 src/ASF/common/services/calendar/calendar.o
 .group         0x00000000        0x8 src/ASF/common/services/calendar/calendar.o
 .group         0x00000000        0x8 src/ASF/common/services/calendar/calendar.o
 .group         0x00000000        0x8 src/ASF/common/services/calendar/calendar.o
 .group         0x00000000        0x8 src/ASF/common/services/calendar/calendar.o
 .group         0x00000000        0x8 src/ASF/common/services/calendar/calendar.o
 .group         0x00000000        0x8 src/ASF/common/services/calendar/calendar.o
 .group         0x00000000        0x8 src/ASF/common/services/calendar/calendar.o
 .group         0x00000000        0x8 src/ASF/common/services/calendar/calendar.o
 .group         0x00000000        0x8 src/ASF/common/services/calendar/calendar.o
 .group         0x00000000        0x8 src/ASF/common/services/calendar/calendar.o
 .group         0x00000000        0x8 src/ASF/common/services/calendar/calendar.o
 .text          0x00000000        0x0 src/ASF/common/services/calendar/calendar.o
 .data          0x00000000        0x0 src/ASF/common/services/calendar/calendar.o
 .bss           0x00000000        0x0 src/ASF/common/services/calendar/calendar.o
 .text.calendar_leapyear
                0x00000000       0x6e src/ASF/common/services/calendar/calendar.o
 .text.calendar_is_date_valid
                0x00000000       0x84 src/ASF/common/services/calendar/calendar.o
 .text.calendar_timestamp_to_date
                0x00000000      0x1ac src/ASF/common/services/calendar/calendar.o
 .text.calendar_timestamp_to_date_tz
                0x00000000       0xa0 src/ASF/common/services/calendar/calendar.o
 .text.calendar_date_to_timestamp
                0x00000000      0x13c src/ASF/common/services/calendar/calendar.o
 .text.calendar_date_to_timestamp_tz
                0x00000000       0xbc src/ASF/common/services/calendar/calendar.o
 .text.calendar_time_between_dates
                0x00000000      0x176 src/ASF/common/services/calendar/calendar.o
 .rodata.str1.1
                0x00000000       0x82 src/ASF/common/services/calendar/calendar.o
 .text.calendar_add_second_to_date
                0x00000000      0x138 src/ASF/common/services/calendar/calendar.o
 .rodata.month  0x00000000       0x18 src/ASF/common/services/calendar/calendar.o
 .debug_info    0x00000000      0x769 src/ASF/common/services/calendar/calendar.o
 .debug_abbrev  0x00000000      0x2e2 src/ASF/common/services/calendar/calendar.o
 .debug_loc     0x00000000      0xa52 src/ASF/common/services/calendar/calendar.o
 .debug_aranges
                0x00000000       0x58 src/ASF/common/services/calendar/calendar.o
 .debug_ranges  0x00000000       0x78 src/ASF/common/services/calendar/calendar.o
 .debug_macro   0x00000000      0x178 src/ASF/common/services/calendar/calendar.o
 .debug_macro   0x00000000      0xa84 src/ASF/common/services/calendar/calendar.o
 .debug_macro   0x00000000       0x10 src/ASF/common/services/calendar/calendar.o
 .debug_macro   0x00000000      0x1c9 src/ASF/common/services/calendar/calendar.o
 .debug_macro   0x00000000      0x2fc src/ASF/common/services/calendar/calendar.o
 .debug_macro   0x00000000       0x9e src/ASF/common/services/calendar/calendar.o
 .debug_macro   0x00000000     0x1fde src/ASF/common/services/calendar/calendar.o
 .debug_macro   0x00000000      0x2ea src/ASF/common/services/calendar/calendar.o
 .debug_macro   0x00000000       0xd9 src/ASF/common/services/calendar/calendar.o
 .debug_macro   0x00000000       0x34 src/ASF/common/services/calendar/calendar.o
 .debug_macro   0x00000000       0x18 src/ASF/common/services/calendar/calendar.o
 .debug_macro   0x00000000       0x6c src/ASF/common/services/calendar/calendar.o
 .debug_macro   0x00000000       0x22 src/ASF/common/services/calendar/calendar.o
 .debug_macro   0x00000000      0x16d src/ASF/common/services/calendar/calendar.o
 .debug_macro   0x00000000       0x1c src/ASF/common/services/calendar/calendar.o
 .debug_macro   0x00000000       0x35 src/ASF/common/services/calendar/calendar.o
 .debug_macro   0x00000000       0x66 src/ASF/common/services/calendar/calendar.o
 .debug_macro   0x00000000      0x71d src/ASF/common/services/calendar/calendar.o
 .debug_macro   0x00000000       0x2e src/ASF/common/services/calendar/calendar.o
 .debug_macro   0x00000000       0x58 src/ASF/common/services/calendar/calendar.o
 .debug_macro   0x00000000       0x10 src/ASF/common/services/calendar/calendar.o
 .debug_macro   0x00000000       0xf2 src/ASF/common/services/calendar/calendar.o
 .debug_macro   0x00000000       0x5f src/ASF/common/services/calendar/calendar.o
 .debug_macro   0x00000000       0x12 src/ASF/common/services/calendar/calendar.o
 .debug_macro   0x00000000       0x69 src/ASF/common/services/calendar/calendar.o
 .debug_macro   0x00000000       0x2b src/ASF/common/services/calendar/calendar.o
 .debug_macro   0x00000000       0x10 src/ASF/common/services/calendar/calendar.o
 .debug_macro   0x00000000      0x175 src/ASF/common/services/calendar/calendar.o
 .debug_macro   0x00000000       0x40 src/ASF/common/services/calendar/calendar.o
 .debug_macro   0x00000000      0x100 src/ASF/common/services/calendar/calendar.o
 .debug_line    0x00000000      0x742 src/ASF/common/services/calendar/calendar.o
 .debug_str     0x00000000    0x13c01 src/ASF/common/services/calendar/calendar.o
 .comment       0x00000000       0x31 src/ASF/common/services/calendar/calendar.o
 .debug_frame   0x00000000      0x23c src/ASF/common/services/calendar/calendar.o
 .group         0x00000000        0x8 src/ASF/common/services/clock/mega/sysclk.o
 .group         0x00000000        0x8 src/ASF/common/services/clock/mega/sysclk.o
 .group         0x00000000        0x8 src/ASF/common/services/clock/mega/sysclk.o
 .group         0x00000000        0x8 src/ASF/common/services/clock/mega/sysclk.o
 .group         0x00000000        0x8 src/ASF/common/services/clock/mega/sysclk.o
 .group         0x00000000        0x8 src/ASF/common/services/clock/mega/sysclk.o
 .group         0x00000000        0x8 src/ASF/common/services/clock/mega/sysclk.o
 .group         0x00000000        0x8 src/ASF/common/services/clock/mega/sysclk.o
 .group         0x00000000        0x8 src/ASF/common/services/clock/mega/sysclk.o
 .group         0x00000000        0x8 src/ASF/common/services/clock/mega/sysclk.o
 .group         0x00000000        0x8 src/ASF/common/services/clock/mega/sysclk.o
 .group         0x00000000        0x8 src/ASF/common/services/clock/mega/sysclk.o
 .group         0x00000000        0x8 src/ASF/common/services/clock/mega/sysclk.o
 .group         0x00000000        0x8 src/ASF/common/services/clock/mega/sysclk.o
 .group         0x00000000        0x8 src/ASF/common/services/clock/mega/sysclk.o
 .group         0x00000000        0x8 src/ASF/common/services/clock/mega/sysclk.o
 .group         0x00000000        0x8 src/ASF/common/services/clock/mega/sysclk.o
 .group         0x00000000        0x8 src/ASF/common/services/clock/mega/sysclk.o
 .group         0x00000000        0x8 src/ASF/common/services/clock/mega/sysclk.o
 .group         0x00000000        0x8 src/ASF/common/services/clock/mega/sysclk.o
 .group         0x00000000        0x8 src/ASF/common/services/clock/mega/sysclk.o
 .group         0x00000000        0x8 src/ASF/common/services/clock/mega/sysclk.o
 .group         0x00000000        0x8 src/ASF/common/services/clock/mega/sysclk.o
 .group         0x00000000        0x8 src/ASF/common/services/clock/mega/sysclk.o
 .group         0x00000000        0x8 src/ASF/common/services/clock/mega/sysclk.o
 .group         0x00000000        0x8 src/ASF/common/services/clock/mega/sysclk.o
 .group         0x00000000        0x8 src/ASF/common/services/clock/mega/sysclk.o
 .group         0x00000000        0x8 src/ASF/common/services/clock/mega/sysclk.o
 .group         0x00000000        0x8 src/ASF/common/services/clock/mega/sysclk.o
 .group         0x00000000        0x8 src/ASF/common/services/clock/mega/sysclk.o
 .group         0x00000000        0x8 src/ASF/common/services/clock/mega/sysclk.o
 .group         0x00000000        0x8 src/ASF/common/services/clock/mega/sysclk.o
 .text          0x00000000        0x0 src/ASF/common/services/clock/mega/sysclk.o
 .data          0x00000000        0x0 src/ASF/common/services/clock/mega/sysclk.o
 .bss           0x00000000        0x0 src/ASF/common/services/clock/mega/sysclk.o
 .text.sysclk_init
                0x00000000       0x3e src/ASF/common/services/clock/mega/sysclk.o
 .text.sysclk_enable_module
                0x00000000       0x30 src/ASF/common/services/clock/mega/sysclk.o
 .text.sysclk_disable_module
                0x00000000       0x2e src/ASF/common/services/clock/mega/sysclk.o
 .debug_info    0x00000000      0x351 src/ASF/common/services/clock/mega/sysclk.o
 .debug_abbrev  0x00000000      0x1ea src/ASF/common/services/clock/mega/sysclk.o
 .debug_loc     0x00000000      0x1f2 src/ASF/common/services/clock/mega/sysclk.o
 .debug_aranges
                0x00000000       0x30 src/ASF/common/services/clock/mega/sysclk.o
 .debug_ranges  0x00000000       0x20 src/ASF/common/services/clock/mega/sysclk.o
 .debug_macro   0x00000000      0x196 src/ASF/common/services/clock/mega/sysclk.o
 .debug_macro   0x00000000      0xa84 src/ASF/common/services/clock/mega/sysclk.o
 .debug_macro   0x00000000       0x10 src/ASF/common/services/clock/mega/sysclk.o
 .debug_macro   0x00000000      0x1c9 src/ASF/common/services/clock/mega/sysclk.o
 .debug_macro   0x00000000      0x2fc src/ASF/common/services/clock/mega/sysclk.o
 .debug_macro   0x00000000       0x9e src/ASF/common/services/clock/mega/sysclk.o
 .debug_macro   0x00000000     0x1fde src/ASF/common/services/clock/mega/sysclk.o
 .debug_macro   0x00000000      0x2ea src/ASF/common/services/clock/mega/sysclk.o
 .debug_macro   0x00000000       0xd9 src/ASF/common/services/clock/mega/sysclk.o
 .debug_macro   0x00000000       0x34 src/ASF/common/services/clock/mega/sysclk.o
 .debug_macro   0x00000000       0x18 src/ASF/common/services/clock/mega/sysclk.o
 .debug_macro   0x00000000       0x6c src/ASF/common/services/clock/mega/sysclk.o
 .debug_macro   0x00000000       0x22 src/ASF/common/services/clock/mega/sysclk.o
 .debug_macro   0x00000000      0x16d src/ASF/common/services/clock/mega/sysclk.o
 .debug_macro   0x00000000       0x1c src/ASF/common/services/clock/mega/sysclk.o
 .debug_macro   0x00000000       0x35 src/ASF/common/services/clock/mega/sysclk.o
 .debug_macro   0x00000000       0x66 src/ASF/common/services/clock/mega/sysclk.o
 .debug_macro   0x00000000      0x71d src/ASF/common/services/clock/mega/sysclk.o
 .debug_macro   0x00000000       0x2e src/ASF/common/services/clock/mega/sysclk.o
 .debug_macro   0x00000000       0x58 src/ASF/common/services/clock/mega/sysclk.o
 .debug_macro   0x00000000       0x10 src/ASF/common/services/clock/mega/sysclk.o
 .debug_macro   0x00000000       0xf2 src/ASF/common/services/clock/mega/sysclk.o
 .debug_macro   0x00000000       0x5f src/ASF/common/services/clock/mega/sysclk.o
 .debug_macro   0x00000000       0x12 src/ASF/common/services/clock/mega/sysclk.o
 .debug_macro   0x00000000       0x69 src/ASF/common/services/clock/mega/sysclk.o
 .debug_macro   0x00000000       0x2b src/ASF/common/services/clock/mega/sysclk.o
 .debug_macro   0x00000000       0x10 src/ASF/common/services/clock/mega/sysclk.o
 .debug_macro   0x00000000      0x175 src/ASF/common/services/clock/mega/sysclk.o
 .debug_macro   0x00000000       0x40 src/ASF/common/services/clock/mega/sysclk.o
 .debug_macro   0x00000000      0x100 src/ASF/common/services/clock/mega/sysclk.o
 .debug_macro   0x00000000       0x3a src/ASF/common/services/clock/mega/sysclk.o
 .debug_macro   0x00000000      0x2df src/ASF/common/services/clock/mega/sysclk.o
 .debug_macro   0x00000000       0x79 src/ASF/common/services/clock/mega/sysclk.o
 .debug_line    0x00000000      0x4c1 src/ASF/common/services/clock/mega/sysclk.o
 .debug_str     0x00000000    0x1451d src/ASF/common/services/clock/mega/sysclk.o
 .comment       0x00000000       0x31 src/ASF/common/services/clock/mega/sysclk.o
 .debug_frame   0x00000000       0x74 src/ASF/common/services/clock/mega/sysclk.o
 .group         0x00000000        0x8 src/ASF/common/utils/stdio/read.o
 .group         0x00000000        0x8 src/ASF/common/utils/stdio/read.o
 .group         0x00000000        0x8 src/ASF/common/utils/stdio/read.o
 .group         0x00000000        0x8 src/ASF/common/utils/stdio/read.o
 .group         0x00000000        0x8 src/ASF/common/utils/stdio/read.o
 .group         0x00000000        0x8 src/ASF/common/utils/stdio/read.o
 .group         0x00000000        0x8 src/ASF/common/utils/stdio/read.o
 .group         0x00000000        0x8 src/ASF/common/utils/stdio/read.o
 .group         0x00000000        0x8 src/ASF/common/utils/stdio/read.o
 .group         0x00000000        0x8 src/ASF/common/utils/stdio/read.o
 .group         0x00000000        0x8 src/ASF/common/utils/stdio/read.o
 .group         0x00000000        0x8 src/ASF/common/utils/stdio/read.o
 .group         0x00000000        0x8 src/ASF/common/utils/stdio/read.o
 .group         0x00000000        0x8 src/ASF/common/utils/stdio/read.o
 .group         0x00000000        0x8 src/ASF/common/utils/stdio/read.o
 .group         0x00000000        0x8 src/ASF/common/utils/stdio/read.o
 .group         0x00000000        0x8 src/ASF/common/utils/stdio/read.o
 .group         0x00000000        0x8 src/ASF/common/utils/stdio/read.o
 .group         0x00000000        0x8 src/ASF/common/utils/stdio/read.o
 .group         0x00000000        0x8 src/ASF/common/utils/stdio/read.o
 .group         0x00000000        0x8 src/ASF/common/utils/stdio/read.o
 .group         0x00000000        0x8 src/ASF/common/utils/stdio/read.o
 .group         0x00000000        0x8 src/ASF/common/utils/stdio/read.o
 .group         0x00000000        0x8 src/ASF/common/utils/stdio/read.o
 .group         0x00000000        0x8 src/ASF/common/utils/stdio/read.o
 .group         0x00000000        0x8 src/ASF/common/utils/stdio/read.o
 .group         0x00000000        0x8 src/ASF/common/utils/stdio/read.o
 .group         0x00000000        0x8 src/ASF/common/utils/stdio/read.o
 .group         0x00000000        0x8 src/ASF/common/utils/stdio/read.o
 .text          0x00000000        0x0 src/ASF/common/utils/stdio/read.o
 .data          0x00000000        0x0 src/ASF/common/utils/stdio/read.o
 .bss           0x00000000        0x0 src/ASF/common/utils/stdio/read.o
 .text._read    0x00000000       0x32 src/ASF/common/utils/stdio/read.o
 .debug_info    0x00000000      0x195 src/ASF/common/utils/stdio/read.o
 .debug_abbrev  0x00000000      0x111 src/ASF/common/utils/stdio/read.o
 .debug_loc     0x00000000       0x6e src/ASF/common/utils/stdio/read.o
 .debug_aranges
                0x00000000       0x20 src/ASF/common/utils/stdio/read.o
 .debug_ranges  0x00000000       0x10 src/ASF/common/utils/stdio/read.o
 .debug_macro   0x00000000      0x156 src/ASF/common/utils/stdio/read.o
 .debug_macro   0x00000000      0xa84 src/ASF/common/utils/stdio/read.o
 .debug_macro   0x00000000       0x10 src/ASF/common/utils/stdio/read.o
 .debug_macro   0x00000000      0x1c9 src/ASF/common/utils/stdio/read.o
 .debug_macro   0x00000000      0x2fc src/ASF/common/utils/stdio/read.o
 .debug_macro   0x00000000       0x9e src/ASF/common/utils/stdio/read.o
 .debug_macro   0x00000000     0x1fde src/ASF/common/utils/stdio/read.o
 .debug_macro   0x00000000      0x2ea src/ASF/common/utils/stdio/read.o
 .debug_macro   0x00000000       0xd9 src/ASF/common/utils/stdio/read.o
 .debug_macro   0x00000000       0x34 src/ASF/common/utils/stdio/read.o
 .debug_macro   0x00000000       0x18 src/ASF/common/utils/stdio/read.o
 .debug_macro   0x00000000       0x6c src/ASF/common/utils/stdio/read.o
 .debug_macro   0x00000000       0x22 src/ASF/common/utils/stdio/read.o
 .debug_macro   0x00000000      0x16d src/ASF/common/utils/stdio/read.o
 .debug_macro   0x00000000       0x1c src/ASF/common/utils/stdio/read.o
 .debug_macro   0x00000000       0x35 src/ASF/common/utils/stdio/read.o
 .debug_macro   0x00000000       0x66 src/ASF/common/utils/stdio/read.o
 .debug_macro   0x00000000      0x71d src/ASF/common/utils/stdio/read.o
 .debug_macro   0x00000000       0x2e src/ASF/common/utils/stdio/read.o
 .debug_macro   0x00000000       0x58 src/ASF/common/utils/stdio/read.o
 .debug_macro   0x00000000       0x10 src/ASF/common/utils/stdio/read.o
 .debug_macro   0x00000000       0xf2 src/ASF/common/utils/stdio/read.o
 .debug_macro   0x00000000       0x5f src/ASF/common/utils/stdio/read.o
 .debug_macro   0x00000000       0x12 src/ASF/common/utils/stdio/read.o
 .debug_macro   0x00000000       0x69 src/ASF/common/utils/stdio/read.o
 .debug_macro   0x00000000       0x2b src/ASF/common/utils/stdio/read.o
 .debug_macro   0x00000000       0x10 src/ASF/common/utils/stdio/read.o
 .debug_macro   0x00000000      0x175 src/ASF/common/utils/stdio/read.o
 .debug_macro   0x00000000       0x40 src/ASF/common/utils/stdio/read.o
 .debug_macro   0x00000000      0x100 src/ASF/common/utils/stdio/read.o
 .debug_line    0x00000000      0x333 src/ASF/common/utils/stdio/read.o
 .debug_str     0x00000000    0x1391c src/ASF/common/utils/stdio/read.o
 .comment       0x00000000       0x31 src/ASF/common/utils/stdio/read.o
 .debug_frame   0x00000000       0x34 src/ASF/common/utils/stdio/read.o
 COMMON         0x00000000        0x2 src/ASF/common/utils/stdio/read.o
 .group         0x00000000        0x8 src/ASF/common/utils/stdio/write.o
 .group         0x00000000        0x8 src/ASF/common/utils/stdio/write.o
 .group         0x00000000        0x8 src/ASF/common/utils/stdio/write.o
 .group         0x00000000        0x8 src/ASF/common/utils/stdio/write.o
 .group         0x00000000        0x8 src/ASF/common/utils/stdio/write.o
 .group         0x00000000        0x8 src/ASF/common/utils/stdio/write.o
 .group         0x00000000        0x8 src/ASF/common/utils/stdio/write.o
 .group         0x00000000        0x8 src/ASF/common/utils/stdio/write.o
 .group         0x00000000        0x8 src/ASF/common/utils/stdio/write.o
 .group         0x00000000        0x8 src/ASF/common/utils/stdio/write.o
 .group         0x00000000        0x8 src/ASF/common/utils/stdio/write.o
 .group         0x00000000        0x8 src/ASF/common/utils/stdio/write.o
 .group         0x00000000        0x8 src/ASF/common/utils/stdio/write.o
 .group         0x00000000        0x8 src/ASF/common/utils/stdio/write.o
 .group         0x00000000        0x8 src/ASF/common/utils/stdio/write.o
 .group         0x00000000        0x8 src/ASF/common/utils/stdio/write.o
 .group         0x00000000        0x8 src/ASF/common/utils/stdio/write.o
 .group         0x00000000        0x8 src/ASF/common/utils/stdio/write.o
 .group         0x00000000        0x8 src/ASF/common/utils/stdio/write.o
 .group         0x00000000        0x8 src/ASF/common/utils/stdio/write.o
 .group         0x00000000        0x8 src/ASF/common/utils/stdio/write.o
 .group         0x00000000        0x8 src/ASF/common/utils/stdio/write.o
 .group         0x00000000        0x8 src/ASF/common/utils/stdio/write.o
 .group         0x00000000        0x8 src/ASF/common/utils/stdio/write.o
 .group         0x00000000        0x8 src/ASF/common/utils/stdio/write.o
 .group         0x00000000        0x8 src/ASF/common/utils/stdio/write.o
 .group         0x00000000        0x8 src/ASF/common/utils/stdio/write.o
 .group         0x00000000        0x8 src/ASF/common/utils/stdio/write.o
 .group         0x00000000        0x8 src/ASF/common/utils/stdio/write.o
 .text          0x00000000        0x0 src/ASF/common/utils/stdio/write.o
 .data          0x00000000        0x0 src/ASF/common/utils/stdio/write.o
 .bss           0x00000000        0x0 src/ASF/common/utils/stdio/write.o
 .text._write   0x00000000       0x24 src/ASF/common/utils/stdio/write.o
 .debug_info    0x00000000      0x195 src/ASF/common/utils/stdio/write.o
 .debug_abbrev  0x00000000       0xfc src/ASF/common/utils/stdio/write.o
 .debug_loc     0x00000000       0x52 src/ASF/common/utils/stdio/write.o
 .debug_aranges
                0x00000000       0x20 src/ASF/common/utils/stdio/write.o
 .debug_ranges  0x00000000       0x10 src/ASF/common/utils/stdio/write.o
 .debug_macro   0x00000000      0x156 src/ASF/common/utils/stdio/write.o
 .debug_macro   0x00000000      0xa84 src/ASF/common/utils/stdio/write.o
 .debug_macro   0x00000000       0x10 src/ASF/common/utils/stdio/write.o
 .debug_macro   0x00000000      0x1c9 src/ASF/common/utils/stdio/write.o
 .debug_macro   0x00000000      0x2fc src/ASF/common/utils/stdio/write.o
 .debug_macro   0x00000000       0x9e src/ASF/common/utils/stdio/write.o
 .debug_macro   0x00000000     0x1fde src/ASF/common/utils/stdio/write.o
 .debug_macro   0x00000000      0x2ea src/ASF/common/utils/stdio/write.o
 .debug_macro   0x00000000       0xd9 src/ASF/common/utils/stdio/write.o
 .debug_macro   0x00000000       0x34 src/ASF/common/utils/stdio/write.o
 .debug_macro   0x00000000       0x18 src/ASF/common/utils/stdio/write.o
 .debug_macro   0x00000000       0x6c src/ASF/common/utils/stdio/write.o
 .debug_macro   0x00000000       0x22 src/ASF/common/utils/stdio/write.o
 .debug_macro   0x00000000      0x16d src/ASF/common/utils/stdio/write.o
 .debug_macro   0x00000000       0x1c src/ASF/common/utils/stdio/write.o
 .debug_macro   0x00000000       0x35 src/ASF/common/utils/stdio/write.o
 .debug_macro   0x00000000       0x66 src/ASF/common/utils/stdio/write.o
 .debug_macro   0x00000000      0x71d src/ASF/common/utils/stdio/write.o
 .debug_macro   0x00000000       0x2e src/ASF/common/utils/stdio/write.o
 .debug_macro   0x00000000       0x58 src/ASF/common/utils/stdio/write.o
 .debug_macro   0x00000000       0x10 src/ASF/common/utils/stdio/write.o
 .debug_macro   0x00000000       0xf2 src/ASF/common/utils/stdio/write.o
 .debug_macro   0x00000000       0x5f src/ASF/common/utils/stdio/write.o
 .debug_macro   0x00000000       0x12 src/ASF/common/utils/stdio/write.o
 .debug_macro   0x00000000       0x69 src/ASF/common/utils/stdio/write.o
 .debug_macro   0x00000000       0x2b src/ASF/common/utils/stdio/write.o
 .debug_macro   0x00000000       0x10 src/ASF/common/utils/stdio/write.o
 .debug_macro   0x00000000      0x175 src/ASF/common/utils/stdio/write.o
 .debug_macro   0x00000000       0x40 src/ASF/common/utils/stdio/write.o
 .debug_macro   0x00000000      0x100 src/ASF/common/utils/stdio/write.o
 .debug_line    0x00000000      0x33a src/ASF/common/utils/stdio/write.o
 .debug_str     0x00000000    0x1391e src/ASF/common/utils/stdio/write.o
 .comment       0x00000000       0x31 src/ASF/common/utils/stdio/write.o
 .debug_frame   0x00000000       0x24 src/ASF/common/utils/stdio/write.o
 COMMON         0x00000000        0x4 src/ASF/common/utils/stdio/write.o
 .group         0x00000000        0x8 src/ASF/common/utils/unit_test/suite.o
 .group         0x00000000        0x8 src/ASF/common/utils/unit_test/suite.o
 .group         0x00000000        0x8 src/ASF/common/utils/unit_test/suite.o
 .group         0x00000000        0x8 src/ASF/common/utils/unit_test/suite.o
 .group         0x00000000        0x8 src/ASF/common/utils/unit_test/suite.o
 .group         0x00000000        0x8 src/ASF/common/utils/unit_test/suite.o
 .group         0x00000000        0x8 src/ASF/common/utils/unit_test/suite.o
 .group         0x00000000        0x8 src/ASF/common/utils/unit_test/suite.o
 .group         0x00000000        0x8 src/ASF/common/utils/unit_test/suite.o
 .group         0x00000000        0x8 src/ASF/common/utils/unit_test/suite.o
 .group         0x00000000        0x8 src/ASF/common/utils/unit_test/suite.o
 .group         0x00000000        0x8 src/ASF/common/utils/unit_test/suite.o
 .group         0x00000000        0x8 src/ASF/common/utils/unit_test/suite.o
 .group         0x00000000        0x8 src/ASF/common/utils/unit_test/suite.o
 .group         0x00000000        0x8 src/ASF/common/utils/unit_test/suite.o
 .group         0x00000000        0x8 src/ASF/common/utils/unit_test/suite.o
 .group         0x00000000        0x8 src/ASF/common/utils/unit_test/suite.o
 .group         0x00000000        0x8 src/ASF/common/utils/unit_test/suite.o
 .group         0x00000000        0x8 src/ASF/common/utils/unit_test/suite.o
 .group         0x00000000        0x8 src/ASF/common/utils/unit_test/suite.o
 .group         0x00000000        0x8 src/ASF/common/utils/unit_test/suite.o
 .group         0x00000000        0x8 src/ASF/common/utils/unit_test/suite.o
 .group         0x00000000        0x8 src/ASF/common/utils/unit_test/suite.o
 .group         0x00000000        0x8 src/ASF/common/utils/unit_test/suite.o
 .group         0x00000000        0x8 src/ASF/common/utils/unit_test/suite.o
 .group         0x00000000        0x8 src/ASF/common/utils/unit_test/suite.o
 .group         0x00000000        0x8 src/ASF/common/utils/unit_test/suite.o
 .group         0x00000000        0x8 src/ASF/common/utils/unit_test/suite.o
 .group         0x00000000        0x8 src/ASF/common/utils/unit_test/suite.o
 .group         0x00000000        0x8 src/ASF/common/utils/unit_test/suite.o
 .text          0x00000000        0x0 src/ASF/common/utils/unit_test/suite.o
 .data          0x00000000        0x0 src/ASF/common/utils/unit_test/suite.o
 .bss           0x00000000        0x0 src/ASF/common/utils/unit_test/suite.o
 .text.test_call
                0x00000000       0x4c src/ASF/common/utils/unit_test/suite.o
 .rodata.str1.1
                0x00000000       0xec src/ASF/common/utils/unit_test/suite.o
 .text.test_case_fail
                0x00000000       0x70 src/ASF/common/utils/unit_test/suite.o
 .text.test_suite_run
                0x00000000      0x232 src/ASF/common/utils/unit_test/suite.o
 .bss.test_case_ptr
                0x00000000        0x2 src/ASF/common/utils/unit_test/suite.o
 .bss.test_failure_jmpbuf
                0x00000000       0x18 src/ASF/common/utils/unit_test/suite.o
 .debug_info    0x00000000      0x680 src/ASF/common/utils/unit_test/suite.o
 .debug_abbrev  0x00000000      0x30e src/ASF/common/utils/unit_test/suite.o
 .debug_loc     0x00000000      0x4dc src/ASF/common/utils/unit_test/suite.o
 .debug_aranges
                0x00000000       0x30 src/ASF/common/utils/unit_test/suite.o
 .debug_ranges  0x00000000       0x68 src/ASF/common/utils/unit_test/suite.o
 .debug_macro   0x00000000      0x163 src/ASF/common/utils/unit_test/suite.o
 .debug_macro   0x00000000      0xa84 src/ASF/common/utils/unit_test/suite.o
 .debug_macro   0x00000000       0x10 src/ASF/common/utils/unit_test/suite.o
 .debug_macro   0x00000000      0x1c9 src/ASF/common/utils/unit_test/suite.o
 .debug_macro   0x00000000      0x2fc src/ASF/common/utils/unit_test/suite.o
 .debug_macro   0x00000000       0x9e src/ASF/common/utils/unit_test/suite.o
 .debug_macro   0x00000000     0x1fde src/ASF/common/utils/unit_test/suite.o
 .debug_macro   0x00000000      0x2ea src/ASF/common/utils/unit_test/suite.o
 .debug_macro   0x00000000       0xd9 src/ASF/common/utils/unit_test/suite.o
 .debug_macro   0x00000000       0x34 src/ASF/common/utils/unit_test/suite.o
 .debug_macro   0x00000000       0x18 src/ASF/common/utils/unit_test/suite.o
 .debug_macro   0x00000000       0x6c src/ASF/common/utils/unit_test/suite.o
 .debug_macro   0x00000000       0x22 src/ASF/common/utils/unit_test/suite.o
 .debug_macro   0x00000000      0x16d src/ASF/common/utils/unit_test/suite.o
 .debug_macro   0x00000000       0x1c src/ASF/common/utils/unit_test/suite.o
 .debug_macro   0x00000000       0x35 src/ASF/common/utils/unit_test/suite.o
 .debug_macro   0x00000000       0x66 src/ASF/common/utils/unit_test/suite.o
 .debug_macro   0x00000000      0x71d src/ASF/common/utils/unit_test/suite.o
 .debug_macro   0x00000000       0x2e src/ASF/common/utils/unit_test/suite.o
 .debug_macro   0x00000000       0x58 src/ASF/common/utils/unit_test/suite.o
 .debug_macro   0x00000000       0x10 src/ASF/common/utils/unit_test/suite.o
 .debug_macro   0x00000000       0xf2 src/ASF/common/utils/unit_test/suite.o
 .debug_macro   0x00000000       0x5f src/ASF/common/utils/unit_test/suite.o
 .debug_macro   0x00000000       0x12 src/ASF/common/utils/unit_test/suite.o
 .debug_macro   0x00000000       0x69 src/ASF/common/utils/unit_test/suite.o
 .debug_macro   0x00000000       0x2b src/ASF/common/utils/unit_test/suite.o
 .debug_macro   0x00000000       0x10 src/ASF/common/utils/unit_test/suite.o
 .debug_macro   0x00000000      0x175 src/ASF/common/utils/unit_test/suite.o
 .debug_macro   0x00000000       0x40 src/ASF/common/utils/unit_test/suite.o
 .debug_macro   0x00000000      0x100 src/ASF/common/utils/unit_test/suite.o
 .debug_macro   0x00000000       0x10 src/ASF/common/utils/unit_test/suite.o
 .debug_line    0x00000000      0x459 src/ASF/common/utils/unit_test/suite.o
 .debug_str     0x00000000    0x13aa2 src/ASF/common/utils/unit_test/suite.o
 .comment       0x00000000       0x31 src/ASF/common/utils/unit_test/suite.o
 .debug_frame   0x00000000      0x150 src/ASF/common/utils/unit_test/suite.o
 COMMON         0x00000000        0x2 src/ASF/common/utils/unit_test/suite.o
 .group         0x00000000        0x8 src/ASF/common/boards/user_board/init.o
 .group         0x00000000        0x8 src/ASF/common/boards/user_board/init.o
 .group         0x00000000        0x8 src/ASF/common/boards/user_board/init.o
 .group         0x00000000        0x8 src/ASF/common/boards/user_board/init.o
 .group         0x00000000        0x8 src/ASF/common/boards/user_board/init.o
 .group         0x00000000        0x8 src/ASF/common/boards/user_board/init.o
 .group         0x00000000        0x8 src/ASF/common/boards/user_board/init.o
 .group         0x00000000        0x8 src/ASF/common/boards/user_board/init.o
 .group         0x00000000        0x8 src/ASF/common/boards/user_board/init.o
 .group         0x00000000        0x8 src/ASF/common/boards/user_board/init.o
 .group         0x00000000        0x8 src/ASF/common/boards/user_board/init.o
 .group         0x00000000        0x8 src/ASF/common/boards/user_board/init.o
 .group         0x00000000        0x8 src/ASF/common/boards/user_board/init.o
 .group         0x00000000        0x8 src/ASF/common/boards/user_board/init.o
 .group         0x00000000        0x8 src/ASF/common/boards/user_board/init.o
 .group         0x00000000        0x8 src/ASF/common/boards/user_board/init.o
 .group         0x00000000        0x8 src/ASF/common/boards/user_board/init.o
 .group         0x00000000        0x8 src/ASF/common/boards/user_board/init.o
 .group         0x00000000        0x8 src/ASF/common/boards/user_board/init.o
 .group         0x00000000        0x8 src/ASF/common/boards/user_board/init.o
 .group         0x00000000        0x8 src/ASF/common/boards/user_board/init.o
 .group         0x00000000        0x8 src/ASF/common/boards/user_board/init.o
 .group         0x00000000        0x8 src/ASF/common/boards/user_board/init.o
 .group         0x00000000        0x8 src/ASF/common/boards/user_board/init.o
 .group         0x00000000        0x8 src/ASF/common/boards/user_board/init.o
 .group         0x00000000        0x8 src/ASF/common/boards/user_board/init.o
 .group         0x00000000        0x8 src/ASF/common/boards/user_board/init.o
 .group         0x00000000        0x8 src/ASF/common/boards/user_board/init.o
 .group         0x00000000        0x8 src/ASF/common/boards/user_board/init.o
 .group         0x00000000        0x8 src/ASF/common/boards/user_board/init.o
 .group         0x00000000        0x8 src/ASF/common/boards/user_board/init.o
 .group         0x00000000        0x8 src/ASF/common/boards/user_board/init.o
 .group         0x00000000        0x8 src/ASF/common/boards/user_board/init.o
 .group         0x00000000        0x8 src/ASF/common/boards/user_board/init.o
 .group         0x00000000        0x8 src/ASF/common/boards/user_board/init.o
 .group         0x00000000        0x8 src/ASF/common/boards/user_board/init.o
 .group         0x00000000        0x8 src/ASF/common/boards/user_board/init.o
 .group         0x00000000        0x8 src/ASF/common/boards/user_board/init.o
 .group         0x00000000        0x8 src/ASF/common/boards/user_board/init.o
 .text          0x00000000        0x0 src/ASF/common/boards/user_board/init.o
 .data          0x00000000        0x0 src/ASF/common/boards/user_board/init.o
 .bss           0x00000000        0x0 src/ASF/common/boards/user_board/init.o
 .debug_macro   0x00000000      0xa84 src/ASF/common/boards/user_board/init.o
 .debug_macro   0x00000000       0x10 src/ASF/common/boards/user_board/init.o
 .debug_macro   0x00000000      0x1c9 src/ASF/common/boards/user_board/init.o
 .debug_macro   0x00000000      0x2fc src/ASF/common/boards/user_board/init.o
 .debug_macro   0x00000000       0x9e src/ASF/common/boards/user_board/init.o
 .debug_macro   0x00000000     0x1fde src/ASF/common/boards/user_board/init.o
 .debug_macro   0x00000000      0x2ea src/ASF/common/boards/user_board/init.o
 .debug_macro   0x00000000       0xd9 src/ASF/common/boards/user_board/init.o
 .debug_macro   0x00000000       0x34 src/ASF/common/boards/user_board/init.o
 .debug_macro   0x00000000       0x18 src/ASF/common/boards/user_board/init.o
 .debug_macro   0x00000000       0x6c src/ASF/common/boards/user_board/init.o
 .debug_macro   0x00000000       0x22 src/ASF/common/boards/user_board/init.o
 .debug_macro   0x00000000      0x16d src/ASF/common/boards/user_board/init.o
 .debug_macro   0x00000000       0x1c src/ASF/common/boards/user_board/init.o
 .debug_macro   0x00000000       0x35 src/ASF/common/boards/user_board/init.o
 .debug_macro   0x00000000       0x66 src/ASF/common/boards/user_board/init.o
 .debug_macro   0x00000000      0x71d src/ASF/common/boards/user_board/init.o
 .debug_macro   0x00000000       0x2e src/ASF/common/boards/user_board/init.o
 .debug_macro   0x00000000       0x58 src/ASF/common/boards/user_board/init.o
 .debug_macro   0x00000000       0x10 src/ASF/common/boards/user_board/init.o
 .debug_macro   0x00000000       0xf2 src/ASF/common/boards/user_board/init.o
 .debug_macro   0x00000000       0x5f src/ASF/common/boards/user_board/init.o
 .debug_macro   0x00000000       0x12 src/ASF/common/boards/user_board/init.o
 .debug_macro   0x00000000       0x69 src/ASF/common/boards/user_board/init.o
 .debug_macro   0x00000000       0x2b src/ASF/common/boards/user_board/init.o
 .debug_macro   0x00000000       0x10 src/ASF/common/boards/user_board/init.o
 .debug_macro   0x00000000      0x175 src/ASF/common/boards/user_board/init.o
 .debug_macro   0x00000000       0x40 src/ASF/common/boards/user_board/init.o
 .debug_macro   0x00000000      0x100 src/ASF/common/boards/user_board/init.o
 .debug_macro   0x00000000       0x3a src/ASF/common/boards/user_board/init.o
 .debug_macro   0x00000000      0x2df src/ASF/common/boards/user_board/init.o
 .debug_macro   0x00000000       0x79 src/ASF/common/boards/user_board/init.o
 .group         0x00000000        0x8 src/main.o
 .group         0x00000000        0x8 src/main.o
 .group         0x00000000        0x8 src/main.o
 .group         0x00000000        0x8 src/main.o
 .group         0x00000000        0x8 src/main.o
 .group         0x00000000        0x8 src/main.o
 .group         0x00000000        0x8 src/main.o
 .group         0x00000000        0x8 src/main.o
 .group         0x00000000        0x8 src/main.o
 .group         0x00000000        0x8 src/main.o
 .group         0x00000000        0x8 src/main.o
 .group         0x00000000        0x8 src/main.o
 .group         0x00000000        0x8 src/main.o
 .group         0x00000000        0x8 src/main.o
 .group         0x00000000        0x8 src/main.o
 .group         0x00000000        0x8 src/main.o
 .group         0x00000000        0x8 src/main.o
 .group         0x00000000        0x8 src/main.o
 .group         0x00000000        0x8 src/main.o
 .group         0x00000000        0x8 src/main.o
 .group         0x00000000        0x8 src/main.o
 .group         0x00000000        0x8 src/main.o
 .group         0x00000000        0x8 src/main.o
 .group         0x00000000        0x8 src/main.o
 .group         0x00000000        0x8 src/main.o
 .group         0x00000000        0x8 src/main.o
 .group         0x00000000        0x8 src/main.o
 .group         0x00000000        0x8 src/main.o
 .group         0x00000000        0x8 src/main.o
 .group         0x00000000        0x8 src/main.o
 .group         0x00000000        0x8 src/main.o
 .group         0x00000000        0x8 src/main.o
 .group         0x00000000        0x8 src/main.o
 .group         0x00000000        0x8 src/main.o
 .group         0x00000000        0x8 src/main.o
 .group         0x00000000        0x8 src/main.o
 .group         0x00000000        0x8 src/main.o
 .group         0x00000000        0x8 src/main.o
 .group         0x00000000        0x8 src/main.o
 .text          0x00000000        0x0 src/main.o
 .data          0x00000000        0x0 src/main.o
 .bss           0x00000000        0x0 src/main.o
 .debug_macro   0x00000000      0xa84 src/main.o
 .debug_macro   0x00000000       0x10 src/main.o
 .debug_macro   0x00000000      0x1c9 src/main.o
 .debug_macro   0x00000000      0x2fc src/main.o
 .debug_macro   0x00000000       0x9e src/main.o
 .debug_macro   0x00000000     0x1fde src/main.o
 .debug_macro   0x00000000      0x2ea src/main.o
 .debug_macro   0x00000000       0xd9 src/main.o
 .debug_macro   0x00000000       0x34 src/main.o
 .debug_macro   0x00000000       0x18 src/main.o
 .debug_macro   0x00000000       0x6c src/main.o
 .debug_macro   0x00000000       0x22 src/main.o
 .debug_macro   0x00000000      0x16d src/main.o
 .debug_macro   0x00000000       0x1c src/main.o
 .debug_macro   0x00000000       0x35 src/main.o
 .debug_macro   0x00000000       0x66 src/main.o
 .debug_macro   0x00000000      0x71d src/main.o
 .debug_macro   0x00000000       0x2e src/main.o
 .debug_macro   0x00000000       0x58 src/main.o
 .debug_macro   0x00000000       0x10 src/main.o
 .debug_macro   0x00000000       0xf2 src/main.o
 .debug_macro   0x00000000       0x5f src/main.o
 .debug_macro   0x00000000       0x12 src/main.o
 .debug_macro   0x00000000       0x69 src/main.o
 .debug_macro   0x00000000       0x2b src/main.o
 .debug_macro   0x00000000       0x10 src/main.o
 .debug_macro   0x00000000      0x175 src/main.o
 .debug_macro   0x00000000       0x40 src/main.o
 .debug_macro   0x00000000      0x100 src/main.o
 .debug_macro   0x00000000       0x1c src/main.o
 .debug_macro   0x00000000       0x10 src/main.o
 .debug_macro   0x00000000       0x28 src/main.o
 .debug_macro   0x00000000       0x3a src/main.o
 .debug_macro   0x00000000      0x2df src/main.o
 .debug_macro   0x00000000       0x79 src/main.o
 .debug_macro   0x00000000       0x28 src/main.o
 .debug_macro   0x00000000       0x22 src/main.o
 .debug_macro   0x00000000       0x8c src/main.o
 .debug_macro   0x00000000       0x40 src/main.o
 .text          0x00000000        0x0 d:/ides/atmel/studio/7.0/toolchain/avr8/avr8-gnu-toolchain/bin/../lib/gcc/avr/5.4.0/avr6\libgcc.a(_udivmodsi4.o)
 .data          0x00000000        0x0 d:/ides/atmel/studio/7.0/toolchain/avr8/avr8-gnu-toolchain/bin/../lib/gcc/avr/5.4.0/avr6\libgcc.a(_udivmodsi4.o)
 .bss           0x00000000        0x0 d:/ides/atmel/studio/7.0/toolchain/avr8/avr8-gnu-toolchain/bin/../lib/gcc/avr/5.4.0/avr6\libgcc.a(_udivmodsi4.o)
 .text.libgcc.mul
                0x00000000        0x0 d:/ides/atmel/studio/7.0/toolchain/avr8/avr8-gnu-toolchain/bin/../lib/gcc/avr/5.4.0/avr6\libgcc.a(_udivmodsi4.o)
 .text.libgcc.div
                0x00000000       0x44 d:/ides/atmel/studio/7.0/toolchain/avr8/avr8-gnu-toolchain/bin/../lib/gcc/avr/5.4.0/avr6\libgcc.a(_udivmodsi4.o)
 .text.libgcc   0x00000000        0x0 d:/ides/atmel/studio/7.0/toolchain/avr8/avr8-gnu-toolchain/bin/../lib/gcc/avr/5.4.0/avr6\libgcc.a(_udivmodsi4.o)
 .text.libgcc.prologue
                0x00000000        0x0 d:/ides/atmel/studio/7.0/toolchain/avr8/avr8-gnu-toolchain/bin/../lib/gcc/avr/5.4.0/avr6\libgcc.a(_udivmodsi4.o)
 .text.libgcc.builtins
                0x00000000        0x0 d:/ides/atmel/studio/7.0/toolchain/avr8/avr8-gnu-toolchain/bin/../lib/gcc/avr/5.4.0/avr6\libgcc.a(_udivmodsi4.o)
 .text.libgcc.fmul
                0x00000000        0x0 d:/ides/atmel/studio/7.0/toolchain/avr8/avr8-gnu-toolchain/bin/../lib/gcc/avr/5.4.0/avr6\libgcc.a(_udivmodsi4.o)
 .text.libgcc.fixed
                0x00000000        0x0 d:/ides/atmel/studio/7.0/toolchain/avr8/avr8-gnu-toolchain/bin/../lib/gcc/avr/5.4.0/avr6\libgcc.a(_udivmodsi4.o)
 .text          0x00000000        0x0 d:/ides/atmel/studio/7.0/toolchain/avr8/avr8-gnu-toolchain/bin/../lib/gcc/avr/5.4.0/avr6\libgcc.a(_exit.o)
 .data          0x00000000        0x0 d:/ides/atmel/studio/7.0/toolchain/avr8/avr8-gnu-toolchain/bin/../lib/gcc/avr/5.4.0/avr6\libgcc.a(_exit.o)
 .bss           0x00000000        0x0 d:/ides/atmel/studio/7.0/toolchain/avr8/avr8-gnu-toolchain/bin/../lib/gcc/avr/5.4.0/avr6\libgcc.a(_exit.o)
 .text.libgcc.mul
                0x00000000        0x0 d:/ides/atmel/studio/7.0/toolchain/avr8/avr8-gnu-toolchain/bin/../lib/gcc/avr/5.4.0/avr6\libgcc.a(_exit.o)
 .text.libgcc.div
                0x00000000        0x0 d:/ides/atmel/studio/7.0/toolchain/avr8/avr8-gnu-toolchain/bin/../lib/gcc/avr/5.4.0/avr6\libgcc.a(_exit.o)
 .text.libgcc   0x00000000        0x0 d:/ides/atmel/studio/7.0/toolchain/avr8/avr8-gnu-toolchain/bin/../lib/gcc/avr/5.4.0/avr6\libgcc.a(_exit.o)
 .text.libgcc.prologue
                0x00000000        0x0 d:/ides/atmel/studio/7.0/toolchain/avr8/avr8-gnu-toolchain/bin/../lib/gcc/avr/5.4.0/avr6\libgcc.a(_exit.o)
 .text.libgcc.builtins
                0x00000000        0x0 d:/ides/atmel/studio/7.0/toolchain/avr8/avr8-gnu-toolchain/bin/../lib/gcc/avr/5.4.0/avr6\libgcc.a(_exit.o)
 .text.libgcc.fmul
                0x00000000        0x0 d:/ides/atmel/studio/7.0/toolchain/avr8/avr8-gnu-toolchain/bin/../lib/gcc/avr/5.4.0/avr6\libgcc.a(_exit.o)
 .text.libgcc.fixed
                0x00000000        0x0 d:/ides/atmel/studio/7.0/toolchain/avr8/avr8-gnu-toolchain/bin/../lib/gcc/avr/5.4.0/avr6\libgcc.a(_exit.o)
 .text          0x00000000        0x0 d:/ides/atmel/studio/7.0/toolchain/avr8/avr8-gnu-toolchain/bin/../lib/gcc/avr/5.4.0/avr6\libgcc.a(_copy_data.o)
 .data          0x00000000        0x0 d:/ides/atmel/studio/7.0/toolchain/avr8/avr8-gnu-toolchain/bin/../lib/gcc/avr/5.4.0/avr6\libgcc.a(_copy_data.o)
 .bss           0x00000000        0x0 d:/ides/atmel/studio/7.0/toolchain/avr8/avr8-gnu-toolchain/bin/../lib/gcc/avr/5.4.0/avr6\libgcc.a(_copy_data.o)
 .text.libgcc.mul
                0x00000000        0x0 d:/ides/atmel/studio/7.0/toolchain/avr8/avr8-gnu-toolchain/bin/../lib/gcc/avr/5.4.0/avr6\libgcc.a(_copy_data.o)
 .text.libgcc.div
                0x00000000        0x0 d:/ides/atmel/studio/7.0/toolchain/avr8/avr8-gnu-toolchain/bin/../lib/gcc/avr/5.4.0/avr6\libgcc.a(_copy_data.o)
 .text.libgcc   0x00000000        0x0 d:/ides/atmel/studio/7.0/toolchain/avr8/avr8-gnu-toolchain/bin/../lib/gcc/avr/5.4.0/avr6\libgcc.a(_copy_data.o)
 .text.libgcc.prologue
                0x00000000        0x0 d:/ides/atmel/studio/7.0/toolchain/avr8/avr8-gnu-toolchain/bin/../lib/gcc/avr/5.4.0/avr6\libgcc.a(_copy_data.o)
 .text.libgcc.builtins
                0x00000000        0x0 d:/ides/atmel/studio/7.0/toolchain/avr8/avr8-gnu-toolchain/bin/../lib/gcc/avr/5.4.0/avr6\libgcc.a(_copy_data.o)
 .text.libgcc.fmul
                0x00000000        0x0 d:/ides/atmel/studio/7.0/toolchain/avr8/avr8-gnu-toolchain/bin/../lib/gcc/avr/5.4.0/avr6\libgcc.a(_copy_data.o)
 .text.libgcc.fixed
                0x00000000        0x0 d:/ides/atmel/studio/7.0/toolchain/avr8/avr8-gnu-toolchain/bin/../lib/gcc/avr/5.4.0/avr6\libgcc.a(_copy_data.o)
 .text          0x00000000        0x0 d:/ides/atmel/studio/7.0/toolchain/avr8/avr8-gnu-toolchain/bin/../lib/gcc/avr/5.4.0/avr6\libgcc.a(_clear_bss.o)
 .data          0x00000000        0x0 d:/ides/atmel/studio/7.0/toolchain/avr8/avr8-gnu-toolchain/bin/../lib/gcc/avr/5.4.0/avr6\libgcc.a(_clear_bss.o)
 .bss           0x00000000        0x0 d:/ides/atmel/studio/7.0/toolchain/avr8/avr8-gnu-toolchain/bin/../lib/gcc/avr/5.4.0/avr6\libgcc.a(_clear_bss.o)
 .text.libgcc.mul
                0x00000000        0x0 d:/ides/atmel/studio/7.0/toolchain/avr8/avr8-gnu-toolchain/bin/../lib/gcc/avr/5.4.0/avr6\libgcc.a(_clear_bss.o)
 .text.libgcc.div
                0x00000000        0x0 d:/ides/atmel/studio/7.0/toolchain/avr8/avr8-gnu-toolchain/bin/../lib/gcc/avr/5.4.0/avr6\libgcc.a(_clear_bss.o)
 .text.libgcc   0x00000000        0x0 d:/ides/atmel/studio/7.0/toolchain/avr8/avr8-gnu-toolchain/bin/../lib/gcc/avr/5.4.0/avr6\libgcc.a(_clear_bss.o)
 .text.libgcc.prologue
                0x00000000        0x0 d:/ides/atmel/studio/7.0/toolchain/avr8/avr8-gnu-toolchain/bin/../lib/gcc/avr/5.4.0/avr6\libgcc.a(_clear_bss.o)
 .text.libgcc.builtins
                0x00000000        0x0 d:/ides/atmel/studio/7.0/toolchain/avr8/avr8-gnu-toolchain/bin/../lib/gcc/avr/5.4.0/avr6\libgcc.a(_clear_bss.o)
 .text.libgcc.fmul
                0x00000000        0x0 d:/ides/atmel/studio/7.0/toolchain/avr8/avr8-gnu-toolchain/bin/../lib/gcc/avr/5.4.0/avr6\libgcc.a(_clear_bss.o)
 .text.libgcc.fixed
                0x00000000        0x0 d:/ides/atmel/studio/7.0/toolchain/avr8/avr8-gnu-toolchain/bin/../lib/gcc/avr/5.4.0/avr6\libgcc.a(_clear_bss.o)
 .text          0x00000000        0x0 d:/ides/atmel/studio/7.0/toolchain/avr8/avr8-gnu-toolchain/bin/../lib/gcc/avr/5.4.0/avr6\libgcc.a(_umulhisi3.o)
 .data          0x00000000        0x0 d:/ides/atmel/studio/7.0/toolchain/avr8/avr8-gnu-toolchain/bin/../lib/gcc/avr/5.4.0/avr6\libgcc.a(_umulhisi3.o)
 .bss           0x00000000        0x0 d:/ides/atmel/studio/7.0/toolchain/avr8/avr8-gnu-toolchain/bin/../lib/gcc/avr/5.4.0/avr6\libgcc.a(_umulhisi3.o)
 .text.libgcc.mul
                0x00000000       0x1e d:/ides/atmel/studio/7.0/toolchain/avr8/avr8-gnu-toolchain/bin/../lib/gcc/avr/5.4.0/avr6\libgcc.a(_umulhisi3.o)
 .text.libgcc.div
                0x00000000        0x0 d:/ides/atmel/studio/7.0/toolchain/avr8/avr8-gnu-toolchain/bin/../lib/gcc/avr/5.4.0/avr6\libgcc.a(_umulhisi3.o)
 .text.libgcc   0x00000000        0x0 d:/ides/atmel/studio/7.0/toolchain/avr8/avr8-gnu-toolchain/bin/../lib/gcc/avr/5.4.0/avr6\libgcc.a(_umulhisi3.o)
 .text.libgcc.prologue
                0x00000000        0x0 d:/ides/atmel/studio/7.0/toolchain/avr8/avr8-gnu-toolchain/bin/../lib/gcc/avr/5.4.0/avr6\libgcc.a(_umulhisi3.o)
 .text.libgcc.builtins
                0x00000000        0x0 d:/ides/atmel/studio/7.0/toolchain/avr8/avr8-gnu-toolchain/bin/../lib/gcc/avr/5.4.0/avr6\libgcc.a(_umulhisi3.o)
 .text.libgcc.fmul
                0x00000000        0x0 d:/ides/atmel/studio/7.0/toolchain/avr8/avr8-gnu-toolchain/bin/../lib/gcc/avr/5.4.0/avr6\libgcc.a(_umulhisi3.o)
 .text.libgcc.fixed
                0x00000000        0x0 d:/ides/atmel/studio/7.0/toolchain/avr8/avr8-gnu-toolchain/bin/../lib/gcc/avr/5.4.0/avr6\libgcc.a(_umulhisi3.o)
 .text          0x00000000        0x0 d:/ides/atmel/studio/7.0/toolchain/avr8/avr8-gnu-toolchain/bin/../lib/gcc/avr/5.4.0/avr6\libgcc.a(_usmulhisi3.o)
 .data          0x00000000        0x0 d:/ides/atmel/studio/7.0/toolchain/avr8/avr8-gnu-toolchain/bin/../lib/gcc/avr/5.4.0/avr6\libgcc.a(_usmulhisi3.o)
 .bss           0x00000000        0x0 d:/ides/atmel/studio/7.0/toolchain/avr8/avr8-gnu-toolchain/bin/../lib/gcc/avr/5.4.0/avr6\libgcc.a(_usmulhisi3.o)
 .text.libgcc.mul
                0x00000000        0xe d:/ides/atmel/studio/7.0/toolchain/avr8/avr8-gnu-toolchain/bin/../lib/gcc/avr/5.4.0/avr6\libgcc.a(_usmulhisi3.o)
 .text.libgcc.div
                0x00000000        0x0 d:/ides/atmel/studio/7.0/toolchain/avr8/avr8-gnu-toolchain/bin/../lib/gcc/avr/5.4.0/avr6\libgcc.a(_usmulhisi3.o)
 .text.libgcc   0x00000000        0x0 d:/ides/atmel/studio/7.0/toolchain/avr8/avr8-gnu-toolchain/bin/../lib/gcc/avr/5.4.0/avr6\libgcc.a(_usmulhisi3.o)
 .text.libgcc.prologue
                0x00000000        0x0 d:/ides/atmel/studio/7.0/toolchain/avr8/avr8-gnu-toolchain/bin/../lib/gcc/avr/5.4.0/avr6\libgcc.a(_usmulhisi3.o)
 .text.libgcc.builtins
                0x00000000        0x0 d:/ides/atmel/studio/7.0/toolchain/avr8/avr8-gnu-toolchain/bin/../lib/gcc/avr/5.4.0/avr6\libgcc.a(_usmulhisi3.o)
 .text.libgcc.fmul
                0x00000000        0x0 d:/ides/atmel/studio/7.0/toolchain/avr8/avr8-gnu-toolchain/bin/../lib/gcc/avr/5.4.0/avr6\libgcc.a(_usmulhisi3.o)
 .text.libgcc.fixed
                0x00000000        0x0 d:/ides/atmel/studio/7.0/toolchain/avr8/avr8-gnu-toolchain/bin/../lib/gcc/avr/5.4.0/avr6\libgcc.a(_usmulhisi3.o)
 .text          0x00000000        0x0 d:/ides/atmel/studio/7.0/toolchain/avr8/avr8-gnu-toolchain/bin/../lib/gcc/avr/5.4.0/avr6\libgcc.a(_muluhisi3.o)
 .data          0x00000000        0x0 d:/ides/atmel/studio/7.0/toolchain/avr8/avr8-gnu-toolchain/bin/../lib/gcc/avr/5.4.0/avr6\libgcc.a(_muluhisi3.o)
 .bss           0x00000000        0x0 d:/ides/atmel/studio/7.0/toolchain/avr8/avr8-gnu-toolchain/bin/../lib/gcc/avr/5.4.0/avr6\libgcc.a(_muluhisi3.o)
 .text.libgcc.mul
                0x00000000       0x16 d:/ides/atmel/studio/7.0/toolchain/avr8/avr8-gnu-toolchain/bin/../lib/gcc/avr/5.4.0/avr6\libgcc.a(_muluhisi3.o)
 .text.libgcc.div
                0x00000000        0x0 d:/ides/atmel/studio/7.0/toolchain/avr8/avr8-gnu-toolchain/bin/../lib/gcc/avr/5.4.0/avr6\libgcc.a(_muluhisi3.o)
 .text.libgcc   0x00000000        0x0 d:/ides/atmel/studio/7.0/toolchain/avr8/avr8-gnu-toolchain/bin/../lib/gcc/avr/5.4.0/avr6\libgcc.a(_muluhisi3.o)
 .text.libgcc.prologue
                0x00000000        0x0 d:/ides/atmel/studio/7.0/toolchain/avr8/avr8-gnu-toolchain/bin/../lib/gcc/avr/5.4.0/avr6\libgcc.a(_muluhisi3.o)
 .text.libgcc.builtins
                0x00000000        0x0 d:/ides/atmel/studio/7.0/toolchain/avr8/avr8-gnu-toolchain/bin/../lib/gcc/avr/5.4.0/avr6\libgcc.a(_muluhisi3.o)
 .text.libgcc.fmul
                0x00000000        0x0 d:/ides/atmel/studio/7.0/toolchain/avr8/avr8-gnu-toolchain/bin/../lib/gcc/avr/5.4.0/avr6\libgcc.a(_muluhisi3.o)
 .text.libgcc.fixed
                0x00000000        0x0 d:/ides/atmel/studio/7.0/toolchain/avr8/avr8-gnu-toolchain/bin/../lib/gcc/avr/5.4.0/avr6\libgcc.a(_muluhisi3.o)
 .text          0x00000000        0x0 d:/ides/atmel/studio/7.0/toolchain/avr8/avr8-gnu-toolchain/bin/../lib/gcc/avr/5.4.0/../../../../avr/lib/avr6\libc.a(setjmp.o)
 .data          0x00000000        0x0 d:/ides/atmel/studio/7.0/toolchain/avr8/avr8-gnu-toolchain/bin/../lib/gcc/avr/5.4.0/../../../../avr/lib/avr6\libc.a(setjmp.o)
 .bss           0x00000000        0x0 d:/ides/atmel/studio/7.0/toolchain/avr8/avr8-gnu-toolchain/bin/../lib/gcc/avr/5.4.0/../../../../avr/lib/avr6\libc.a(setjmp.o)
 .text.avr-libc
                0x00000000       0x8e d:/ides/atmel/studio/7.0/toolchain/avr8/avr8-gnu-toolchain/bin/../lib/gcc/avr/5.4.0/../../../../avr/lib/avr6\libc.a(setjmp.o)
 .text          0x00000000        0x0 d:/ides/atmel/studio/7.0/toolchain/avr8/avr8-gnu-toolchain/bin/../lib/gcc/avr/5.4.0/../../../../avr/lib/avr6\libc.a(fputc.o)
 .data          0x00000000        0x0 d:/ides/atmel/studio/7.0/toolchain/avr8/avr8-gnu-toolchain/bin/../lib/gcc/avr/5.4.0/../../../../avr/lib/avr6\libc.a(fputc.o)
 .bss           0x00000000        0x0 d:/ides/atmel/studio/7.0/toolchain/avr8/avr8-gnu-toolchain/bin/../lib/gcc/avr/5.4.0/../../../../avr/lib/avr6\libc.a(fputc.o)
 .text.avr-libc
                0x00000000       0x78 d:/ides/atmel/studio/7.0/toolchain/avr8/avr8-gnu-toolchain/bin/../lib/gcc/avr/5.4.0/../../../../avr/lib/avr6\libc.a(fputc.o)
 .comment       0x00000000       0x31 d:/ides/atmel/studio/7.0/toolchain/avr8/avr8-gnu-toolchain/bin/../lib/gcc/avr/5.4.0/../../../../avr/lib/avr6\libc.a(fputc.o)
 .text          0x00000000        0x0 d:/ides/atmel/studio/7.0/toolchain/avr8/avr8-gnu-toolchain/bin/../lib/gcc/avr/5.4.0/../../../../avr/lib/avr6\libc.a(iob.o)
 .data          0x00000000        0x0 d:/ides/atmel/studio/7.0/toolchain/avr8/avr8-gnu-toolchain/bin/../lib/gcc/avr/5.4.0/../../../../avr/lib/avr6\libc.a(iob.o)
 .bss           0x00000000        0x0 d:/ides/atmel/studio/7.0/toolchain/avr8/avr8-gnu-toolchain/bin/../lib/gcc/avr/5.4.0/../../../../avr/lib/avr6\libc.a(iob.o)
 .comment       0x00000000       0x31 d:/ides/atmel/studio/7.0/toolchain/avr8/avr8-gnu-toolchain/bin/../lib/gcc/avr/5.4.0/../../../../avr/lib/avr6\libc.a(iob.o)
 COMMON         0x00000000        0x6 d:/ides/atmel/studio/7.0/toolchain/avr8/avr8-gnu-toolchain/bin/../lib/gcc/avr/5.4.0/../../../../avr/lib/avr6\libc.a(iob.o)
 .text          0x00000000        0x0 d:/ides/atmel/studio/7.0/toolchain/avr8/avr8-gnu-toolchain/bin/../lib/gcc/avr/5.4.0/../../../../avr/lib/avr6\libc.a(printf.o)
 .data          0x00000000        0x0 d:/ides/atmel/studio/7.0/toolchain/avr8/avr8-gnu-toolchain/bin/../lib/gcc/avr/5.4.0/../../../../avr/lib/avr6\libc.a(printf.o)
 .bss           0x00000000        0x0 d:/ides/atmel/studio/7.0/toolchain/avr8/avr8-gnu-toolchain/bin/../lib/gcc/avr/5.4.0/../../../../avr/lib/avr6\libc.a(printf.o)
 .text.avr-libc
                0x00000000       0x28 d:/ides/atmel/studio/7.0/toolchain/avr8/avr8-gnu-toolchain/bin/../lib/gcc/avr/5.4.0/../../../../avr/lib/avr6\libc.a(printf.o)
 .comment       0x00000000       0x31 d:/ides/atmel/studio/7.0/toolchain/avr8/avr8-gnu-toolchain/bin/../lib/gcc/avr/5.4.0/../../../../avr/lib/avr6\libc.a(printf.o)
 .text          0x00000000        0x0 d:/ides/atmel/studio/7.0/toolchain/avr8/avr8-gnu-toolchain/bin/../lib/gcc/avr/5.4.0/../../../../avr/lib/avr6\libc.a(puts.o)
 .data          0x00000000        0x0 d:/ides/atmel/studio/7.0/toolchain/avr8/avr8-gnu-toolchain/bin/../lib/gcc/avr/5.4.0/../../../../avr/lib/avr6\libc.a(puts.o)
 .bss           0x00000000        0x0 d:/ides/atmel/studio/7.0/toolchain/avr8/avr8-gnu-toolchain/bin/../lib/gcc/avr/5.4.0/../../../../avr/lib/avr6\libc.a(puts.o)
 .text.avr-libc
                0x00000000       0x60 d:/ides/atmel/studio/7.0/toolchain/avr8/avr8-gnu-toolchain/bin/../lib/gcc/avr/5.4.0/../../../../avr/lib/avr6\libc.a(puts.o)
 .comment       0x00000000       0x31 d:/ides/atmel/studio/7.0/toolchain/avr8/avr8-gnu-toolchain/bin/../lib/gcc/avr/5.4.0/../../../../avr/lib/avr6\libc.a(puts.o)
 .text          0x00000000        0x0 d:/ides/atmel/studio/7.0/toolchain/avr8/avr8-gnu-toolchain/bin/../lib/gcc/avr/5.4.0/../../../../avr/lib/avr6\libc.a(vfprintf_std.o)
 .data          0x00000000        0x0 d:/ides/atmel/studio/7.0/toolchain/avr8/avr8-gnu-toolchain/bin/../lib/gcc/avr/5.4.0/../../../../avr/lib/avr6\libc.a(vfprintf_std.o)
 .bss           0x00000000        0x0 d:/ides/atmel/studio/7.0/toolchain/avr8/avr8-gnu-toolchain/bin/../lib/gcc/avr/5.4.0/../../../../avr/lib/avr6\libc.a(vfprintf_std.o)
 .text.avr-libc
                0x00000000      0x414 d:/ides/atmel/studio/7.0/toolchain/avr8/avr8-gnu-toolchain/bin/../lib/gcc/avr/5.4.0/../../../../avr/lib/avr6\libc.a(vfprintf_std.o)
 .comment       0x00000000       0x2d d:/ides/atmel/studio/7.0/toolchain/avr8/avr8-gnu-toolchain/bin/../lib/gcc/avr/5.4.0/../../../../avr/lib/avr6\libc.a(vfprintf_std.o)
 .text          0x00000000        0x0 d:/ides/atmel/studio/7.0/toolchain/avr8/avr8-gnu-toolchain/bin/../lib/gcc/avr/5.4.0/../../../../avr/lib/avr6\libc.a(strnlen_P.o)
 .data          0x00000000        0x0 d:/ides/atmel/studio/7.0/toolchain/avr8/avr8-gnu-toolchain/bin/../lib/gcc/avr/5.4.0/../../../../avr/lib/avr6\libc.a(strnlen_P.o)
 .bss           0x00000000        0x0 d:/ides/atmel/studio/7.0/toolchain/avr8/avr8-gnu-toolchain/bin/../lib/gcc/avr/5.4.0/../../../../avr/lib/avr6\libc.a(strnlen_P.o)
 .text.avr-libc
                0x00000000       0x16 d:/ides/atmel/studio/7.0/toolchain/avr8/avr8-gnu-toolchain/bin/../lib/gcc/avr/5.4.0/../../../../avr/lib/avr6\libc.a(strnlen_P.o)
 .text          0x00000000        0x0 d:/ides/atmel/studio/7.0/toolchain/avr8/avr8-gnu-toolchain/bin/../lib/gcc/avr/5.4.0/../../../../avr/lib/avr6\libc.a(strnlen.o)
 .data          0x00000000        0x0 d:/ides/atmel/studio/7.0/toolchain/avr8/avr8-gnu-toolchain/bin/../lib/gcc/avr/5.4.0/../../../../avr/lib/avr6\libc.a(strnlen.o)
 .bss           0x00000000        0x0 d:/ides/atmel/studio/7.0/toolchain/avr8/avr8-gnu-toolchain/bin/../lib/gcc/avr/5.4.0/../../../../avr/lib/avr6\libc.a(strnlen.o)
 .text.avr-libc
                0x00000000       0x16 d:/ides/atmel/studio/7.0/toolchain/avr8/avr8-gnu-toolchain/bin/../lib/gcc/avr/5.4.0/../../../../avr/lib/avr6\libc.a(strnlen.o)
 .text          0x00000000        0x0 d:/ides/atmel/studio/7.0/toolchain/avr8/avr8-gnu-toolchain/bin/../lib/gcc/avr/5.4.0/../../../../avr/lib/avr6\libc.a(ultoa_invert.o)
 .data          0x00000000        0x0 d:/ides/atmel/studio/7.0/toolchain/avr8/avr8-gnu-toolchain/bin/../lib/gcc/avr/5.4.0/../../../../avr/lib/avr6\libc.a(ultoa_invert.o)
 .bss           0x00000000        0x0 d:/ides/atmel/studio/7.0/toolchain/avr8/avr8-gnu-toolchain/bin/../lib/gcc/avr/5.4.0/../../../../avr/lib/avr6\libc.a(ultoa_invert.o)
 .text.avr-libc
                0x00000000       0xbc d:/ides/atmel/studio/7.0/toolchain/avr8/avr8-gnu-toolchain/bin/../lib/gcc/avr/5.4.0/../../../../avr/lib/avr6\libc.a(ultoa_invert.o)

Memory Configuration

Name             Origin             Length             Attributes
text             0x00000000         0x00040000         xr
data             0x00800200         0x00002000         rw !x
eeprom           0x00810000         0x00001000         rw !x
fuse             0x00820000         0x00000003         rw !x
lock             0x00830000         0x00000400         rw !x
signature        0x00840000         0x00000400         rw !x
user_signatures  0x00850000         0x00000400         rw !x
*default*        0x00000000         0xffffffff

Linker script and memory map

Address of section .data set to 0x800200
LOAD D:/IDEs/Atmel/Studio/7.0/Packs/atmel/ATmega_DFP/1.6.364/gcc/dev/atmega2560/avr6/crtatmega2560.o
LOAD src/ASF/common/services/calendar/calendar.o
LOAD src/ASF/common/services/clock/mega/sysclk.o
LOAD src/ASF/common/utils/stdio/read.o
LOAD src/ASF/common/utils/stdio/write.o
LOAD src/ASF/common/utils/unit_test/suite.o
LOAD src/ASF/common/boards/user_board/init.o
LOAD src/main.o
START GROUP
LOAD d:/ides/atmel/studio/7.0/toolchain/avr8/avr8-gnu-toolchain/bin/../lib/gcc/avr/5.4.0/../../../../avr/lib/avr6\libm.a
END GROUP
START GROUP
LOAD d:/ides/atmel/studio/7.0/toolchain/avr8/avr8-gnu-toolchain/bin/../lib/gcc/avr/5.4.0/avr6\libgcc.a
LOAD d:/ides/atmel/studio/7.0/toolchain/avr8/avr8-gnu-toolchain/bin/../lib/gcc/avr/5.4.0/../../../../avr/lib/avr6\libm.a
LOAD d:/ides/atmel/studio/7.0/toolchain/avr8/avr8-gnu-toolchain/bin/../lib/gcc/avr/5.4.0/../../../../avr/lib/avr6\libc.a
LOAD D:/IDEs/Atmel/Studio/7.0/Packs/atmel/ATmega_DFP/1.6.364/gcc/dev/atmega2560/avr6\libatmega2560.a
END GROUP
                0x00000000                __TEXT_REGION_ORIGIN__ = DEFINED (__TEXT_REGION_ORIGIN__)?__TEXT_REGION_ORIGIN__:0x0
                [0x00800200]                __DATA_REGION_ORIGIN__ = DEFINED (__DATA_REGION_ORIGIN__)?__DATA_REGION_ORIGIN__:0x800200
                [0x00040000]                __TEXT_REGION_LENGTH__ = DEFINED (__TEXT_REGION_LENGTH__)?__TEXT_REGION_LENGTH__:0x100000
                [0x00002000]                __DATA_REGION_LENGTH__ = DEFINED (__DATA_REGION_LENGTH__)?__DATA_REGION_LENGTH__:0xfe00
                [0x00001000]                __EEPROM_REGION_LENGTH__ = DEFINED (__EEPROM_REGION_LENGTH__)?__EEPROM_REGION_LENGTH__:0x10000
                [0x00000003]                __FUSE_REGION_LENGTH__ = DEFINED (__FUSE_REGION_LENGTH__)?__FUSE_REGION_LENGTH__:0x400
                0x00000400                __LOCK_REGION_LENGTH__ = DEFINED (__LOCK_REGION_LENGTH__)?__LOCK_REGION_LENGTH__:0x400
                0x00000400                __SIGNATURE_REGION_LENGTH__ = DEFINED (__SIGNATURE_REGION_LENGTH__)?__SIGNATURE_REGION_LENGTH__:0x400
                0x00000400                __USER_SIGNATURE_REGION_LENGTH__ = DEFINED (__USER_SIGNATURE_REGION_LENGTH__)?__USER_SIGNATURE_REGION_LENGTH__:0x400

.hash
 *(.hash)

.dynsym
 *(.dynsym)

.dynstr
 *(.dynstr)

.gnu.version
 *(.gnu.version)

.gnu.version_d
 *(.gnu.version_d)

.gnu.version_r
 *(.gnu.version_r)

.rel.init
 *(.rel.init)

.rela.init
 *(.rela.init)

.rel.text
 *(.rel.text)
 *(.rel.text.*)
 *(.rel.gnu.linkonce.t*)

.rela.text
 *(.rela.text)
 *(.rela.text.*)
 *(.rela.gnu.linkonce.t*)

.rel.fini
 *(.rel.fini)

.rela.fini
 *(.rela.fini)

.rel.rodata
 *(.rel.rodata)
 *(.rel.rodata.*)
 *(.rel.gnu.linkonce.r*)

.rela.rodata
 *(.rela.rodata)
 *(.rela.rodata.*)
 *(.rela.gnu.linkonce.r*)

.rel.data
 *(.rel.data)
 *(.rel.data.*)
 *(.rel.gnu.linkonce.d*)

.rela.data
 *(.rela.data)
 *(.rela.data.*)
 *(.rela.gnu.linkonce.d*)

.rel.ctors
 *(.rel.ctors)

.rela.ctors
 *(.rela.ctors)

.rel.dtors
 *(.rel.dtors)

.rela.dtors
 *(.rela.dtors)

.rel.got
 *(.rel.got)

.rela.got
 *(.rela.got)

.rel.bss
 *(.rel.bss)

.rela.bss
 *(.rela.bss)

.rel.plt
 *(.rel.plt)

.rela.plt
 *(.rela.plt)

.text           0x00000000      0x132
 *(.vectors)
 .vectors       0x00000000       0xe4 D:/IDEs/Atmel/Studio/7.0/Packs/atmel/ATmega_DFP/1.6.364/gcc/dev/atmega2560/avr6/crtatmega2560.o
                0x00000000                __vector_default
                0x00000000                __vectors
 *(.vectors)
 *(.progmem.gcc*)
                0x000000e4                . = ALIGN (0x2)
                0x000000e4                __trampolines_start = .
 *(.trampolines)
 .trampolines   0x000000e4        0x0 linker stubs
 *(.trampolines*)
                0x000000e4                __trampolines_end = .
 *libprintf_flt.a:*(.progmem.data)
 *libc.a:*(.progmem.data)
 *(.progmem*)
                0x000000e4                . = ALIGN (0x2)
 *(.jumptables)
 *(.jumptables*)
 *(.lowtext)
 *(.lowtext*)
                0x000000e4                __ctors_start = .
 *(.ctors)
                0x000000e4                __ctors_end = .
                0x000000e4                __dtors_start = .
 *(.dtors)
                0x000000e4                __dtors_end = .
 SORT(*)(.ctors)
 SORT(*)(.dtors)
 *(.init0)
 .init0         0x000000e4        0x0 D:/IDEs/Atmel/Studio/7.0/Packs/atmel/ATmega_DFP/1.6.364/gcc/dev/atmega2560/avr6/crtatmega2560.o
                0x000000e4                __init
 *(.init0)
 *(.init1)
 *(.init1)
 *(.init2)
 .init2         0x000000e4       0x10 D:/IDEs/Atmel/Studio/7.0/Packs/atmel/ATmega_DFP/1.6.364/gcc/dev/atmega2560/avr6/crtatmega2560.o
 *(.init2)
 *(.init3)
 *(.init3)
 *(.init4)
 .init4         0x000000f4       0x1a d:/ides/atmel/studio/7.0/toolchain/avr8/avr8-gnu-toolchain/bin/../lib/gcc/avr/5.4.0/avr6\libgcc.a(_copy_data.o)
                0x000000f4                __do_copy_data
 .init4         0x0000010e       0x10 d:/ides/atmel/studio/7.0/toolchain/avr8/avr8-gnu-toolchain/bin/../lib/gcc/avr/5.4.0/avr6\libgcc.a(_clear_bss.o)
                0x0000010e                __do_clear_bss
 *(.init4)
 *(.init5)
 *(.init5)
 *(.init6)
 *(.init6)
 *(.init7)
 *(.init7)
 *(.init8)
 *(.init8)
 *(.init9)
 .init9         0x0000011e        0x4 D:/IDEs/Atmel/Studio/7.0/Packs/atmel/ATmega_DFP/1.6.364/gcc/dev/atmega2560/avr6/crtatmega2560.o
 *(.init9)
 *(.text)
 .text          0x00000122        0x2 D:/IDEs/Atmel/Studio/7.0/Packs/atmel/ATmega_DFP/1.6.364/gcc/dev/atmega2560/avr6/crtatmega2560.o
                0x00000122                __vector_38
                0x00000122                __vector_22
                0x00000122                __vector_28
                0x00000122                __vector_1
                0x00000122                __vector_32
                0x00000122                __vector_34
                0x00000122                __vector_24
                0x00000122                __vector_12
                0x00000122                __vector_55
                0x00000122                __vector_46
                0x00000122                __bad_interrupt
                0x00000122                __vector_6
                0x00000122                __vector_31
                0x00000122                __vector_35
                0x00000122                __vector_39
                0x00000122                __vector_3
                0x00000122                __vector_23
                0x00000122                __vector_30
                0x00000122                __vector_45
                0x00000122                __vector_25
                0x00000122                __vector_11
                0x00000122                __vector_54
                0x00000122                __vector_13
                0x00000122                __vector_17
                0x00000122                __vector_19
                0x00000122                __vector_56
                0x00000122                __vector_7
                0x00000122                __vector_49
                0x00000122                __vector_41
                0x00000122                __vector_43
                0x00000122                __vector_27
                0x00000122                __vector_5
                0x00000122                __vector_33
                0x00000122                __vector_47
                0x00000122                __vector_52
                0x00000122                __vector_37
                0x00000122                __vector_4
                0x00000122                __vector_44
                0x00000122                __vector_51
                0x00000122                __vector_9
                0x00000122                __vector_2
                0x00000122                __vector_21
                0x00000122                __vector_15
                0x00000122                __vector_36
                0x00000122                __vector_29
                0x00000122                __vector_40
                0x00000122                __vector_8
                0x00000122                __vector_26
                0x00000122                __vector_48
                0x00000122                __vector_14
                0x00000122                __vector_53
                0x00000122                __vector_10
                0x00000122                __vector_50
                0x00000122                __vector_16
                0x00000122                __vector_18
                0x00000122                __vector_20
                0x00000122                __vector_42
                0x00000124                . = ALIGN (0x2)
 *(.text.*)
 .text.board_init
                0x00000124        0x2 src/ASF/common/boards/user_board/init.o
                0x00000124                board_init
 .text.main     0x00000126        0x8 src/main.o
                0x00000126                main
                0x0000012e                . = ALIGN (0x2)
 *(.fini9)
 .fini9         0x0000012e        0x0 d:/ides/atmel/studio/7.0/toolchain/avr8/avr8-gnu-toolchain/bin/../lib/gcc/avr/5.4.0/avr6\libgcc.a(_exit.o)
                0x0000012e                _exit
                0x0000012e                exit
 *(.fini9)
 *(.fini8)
 *(.fini8)
 *(.fini7)
 *(.fini7)
 *(.fini6)
 *(.fini6)
 *(.fini5)
 *(.fini5)
 *(.fini4)
 *(.fini4)
 *(.fini3)
 *(.fini3)
 *(.fini2)
 *(.fini2)
 *(.fini1)
 *(.fini1)
 *(.fini0)
 .fini0         0x0000012e        0x4 d:/ides/atmel/studio/7.0/toolchain/avr8/avr8-gnu-toolchain/bin/../lib/gcc/avr/5.4.0/avr6\libgcc.a(_exit.o)
 *(.fini0)
                0x00000132                _etext = .

.data           0x00800200        0x0 load address 0x00000132
                0x00800200                PROVIDE (__data_start, .)
 *(.data)
 *(.data*)
 *(.gnu.linkonce.d*)
 *(.rodata)
 *(.rodata*)
 *(.gnu.linkonce.r*)
                0x00800200                . = ALIGN (0x2)
                0x00800200                _edata = .
                0x00800200                PROVIDE (__data_end, .)

.bss            0x00800200        0x0
                0x00800200                PROVIDE (__bss_start, .)
 *(.bss)
 *(.bss*)
 *(COMMON)
                0x00800200                PROVIDE (__bss_end, .)
                0x00000132                __data_load_start = LOADADDR (.data)
                0x00000132                __data_load_end = (__data_load_start + SIZEOF (.data))

.noinit         0x00800200        0x0
                [!provide]                PROVIDE (__noinit_start, .)
 *(.noinit*)
                [!provide]                PROVIDE (__noinit_end, .)
                0x00800200                _end = .
                [!provide]                PROVIDE (__heap_start, .)

.eeprom         0x00810000        0x0
 *(.eeprom*)
                0x00810000                __eeprom_end = .

.fuse
 *(.fuse)
 *(.lfuse)
 *(.hfuse)
 *(.efuse)

.lock
 *(.lock*)

.signature
 *(.signature*)

.user_signatures
 *(.user_signatures*)

.stab
 *(.stab)

.stabstr
 *(.stabstr)

.stab.excl
 *(.stab.excl)

.stab.exclstr
 *(.stab.exclstr)

.stab.index
 *(.stab.index)

.stab.indexstr
 *(.stab.indexstr)

.comment        0x00000000       0x30
 *(.comment)
 .comment       0x00000000       0x30 src/ASF/common/boards/user_board/init.o
                                 0x31 (size before relaxing)
 .comment       0x00000030       0x31 src/main.o

.note.gnu.avr.deviceinfo
                0x00000000       0x40
 .note.gnu.avr.deviceinfo
                0x00000000       0x40 D:/IDEs/Atmel/Studio/7.0/Packs/atmel/ATmega_DFP/1.6.364/gcc/dev/atmega2560/avr6/crtatmega2560.o

.note.gnu.build-id
 *(.note.gnu.build-id)

.debug
 *(.debug)

.line
 *(.line)

.debug_srcinfo
 *(.debug_srcinfo)

.debug_sfnames
 *(.debug_sfnames)

.debug_aranges  0x00000000       0x40
 *(.debug_aranges)
 .debug_aranges
                0x00000000       0x20 src/ASF/common/boards/user_board/init.o
 .debug_aranges
                0x00000020       0x20 src/main.o

.debug_pubnames
 *(.debug_pubnames)

.debug_info     0x00000000      0xe04
 *(.debug_info .gnu.linkonce.wi.*)
 .debug_info    0x00000000      0xbbc D:/IDEs/Atmel/Studio/7.0/Packs/atmel/ATmega_DFP/1.6.364/gcc/dev/atmega2560/avr6/crtatmega2560.o
 .debug_info    0x00000bbc      0x114 src/ASF/common/boards/user_board/init.o
 .debug_info    0x00000cd0      0x134 src/main.o

.debug_abbrev   0x00000000      0xc93
 *(.debug_abbrev)
 .debug_abbrev  0x00000000      0xb1a D:/IDEs/Atmel/Studio/7.0/Packs/atmel/ATmega_DFP/1.6.364/gcc/dev/atmega2560/avr6/crtatmega2560.o
 .debug_abbrev  0x00000b1a       0xac src/ASF/common/boards/user_board/init.o
 .debug_abbrev  0x00000bc6       0xcd src/main.o

.debug_line     0x00000000      0xda6
 *(.debug_line .debug_line.* .debug_line_end)
 .debug_line    0x00000000      0x1fa D:/IDEs/Atmel/Studio/7.0/Packs/atmel/ATmega_DFP/1.6.364/gcc/dev/atmega2560/avr6/crtatmega2560.o
 .debug_line    0x000001fa      0x5d0 src/ASF/common/boards/user_board/init.o
 .debug_line    0x000007ca      0x5dc src/main.o

.debug_frame    0x00000000       0x48
 *(.debug_frame)
 .debug_frame   0x00000000       0x24 src/ASF/common/boards/user_board/init.o
 .debug_frame   0x00000024       0x24 src/main.o

.debug_str      0x00000000    0x14f3b
 *(.debug_str)
 .debug_str     0x00000000      0x3e6 D:/IDEs/Atmel/Studio/7.0/Packs/atmel/ATmega_DFP/1.6.364/gcc/dev/atmega2560/avr6/crtatmega2560.o
 .debug_str     0x000003e6    0x14b42 src/ASF/common/boards/user_board/init.o
                              0x14d78 (size before relaxing)
 .debug_str     0x00014f28       0x13 src/main.o
                              0x14d60 (size before relaxing)

.debug_loc
 *(.debug_loc)

.debug_macinfo
 *(.debug_macinfo)

.debug_weaknames
 *(.debug_weaknames)

.debug_funcnames
 *(.debug_funcnames)

.debug_typenames
 *(.debug_typenames)

.debug_varnames
 *(.debug_varnames)

.debug_pubtypes
 *(.debug_pubtypes)

.debug_ranges   0x00000000       0x20
 *(.debug_ranges)
 .debug_ranges  0x00000000       0x10 src/ASF/common/boards/user_board/init.o
 .debug_ranges  0x00000010       0x10 src/main.o

.debug_macro    0x00000000      0x59a
 *(.debug_macro)
 .debug_macro   0x00000000      0x218 src/ASF/common/boards/user_board/init.o
 .debug_macro   0x00000218       0x1c src/ASF/common/boards/user_board/init.o
 .debug_macro   0x00000234       0x10 src/ASF/common/boards/user_board/init.o
 .debug_macro   0x00000244       0x28 src/ASF/common/boards/user_board/init.o
 .debug_macro   0x0000026c       0x28 src/ASF/common/boards/user_board/init.o
 .debug_macro   0x00000294       0x22 src/ASF/common/boards/user_board/init.o
 .debug_macro   0x000002b6       0x8c src/ASF/common/boards/user_board/init.o
 .debug_macro   0x00000342       0x40 src/ASF/common/boards/user_board/init.o
 .debug_macro   0x00000382      0x218 src/main.o
OUTPUT(ControlBoard.elf elf32-avr)
LOAD linker stubs
