Archive member included to satisfy reference by file (symbol)

d:/ides/atmel/studio/7.0/toolchain/avr8/avr8-gnu-toolchain/bin/../lib/gcc/avr/5.4.0/avr6\libgcc.a(_udivmodsi4.o)
                              src/i2c_master.o (__udivmodsi4)
d:/ides/atmel/studio/7.0/toolchain/avr8/avr8-gnu-toolchain/bin/../lib/gcc/avr/5.4.0/avr6\libgcc.a(_exit.o)
                              D:/IDEs/Atmel/Studio/7.0/Packs/atmel/ATmega_DFP/1.6.364/gcc/dev/atmega2560/avr6/crtatmega2560.o (exit)
d:/ides/atmel/studio/7.0/toolchain/avr8/avr8-gnu-toolchain/bin/../lib/gcc/avr/5.4.0/avr6\libgcc.a(_copy_data.o)
                              examples/src/usart_basic_example.o (__do_copy_data)
d:/ides/atmel/studio/7.0/toolchain/avr8/avr8-gnu-toolchain/bin/../lib/gcc/avr/5.4.0/avr6\libgcc.a(_clear_bss.o)
                              examples/src/adc_basic_example.o (__do_clear_bss)
d:/ides/atmel/studio/7.0/toolchain/avr8/avr8-gnu-toolchain/bin/../lib/gcc/avr/5.4.0/../../../../avr/lib/avr6\libc.a(strncmp.o)
                              examples/src/usart_basic_example.o (strncmp)
d:/ides/atmel/studio/7.0/toolchain/avr8/avr8-gnu-toolchain/bin/../lib/gcc/avr/5.4.0/../../../../avr/lib/avr6\libc.a(iob.o)
                              src/usart_basic.o (__iob)
d:/ides/atmel/studio/7.0/toolchain/avr8/avr8-gnu-toolchain/bin/../lib/gcc/avr/5.4.0/../../../../avr/lib/avr6\libc.a(printf.o)
                              examples/src/usart_basic_example.o (printf)
d:/ides/atmel/studio/7.0/toolchain/avr8/avr8-gnu-toolchain/bin/../lib/gcc/avr/5.4.0/../../../../avr/lib/avr6\libc.a(vfprintf_std.o)
                              d:/ides/atmel/studio/7.0/toolchain/avr8/avr8-gnu-toolchain/bin/../lib/gcc/avr/5.4.0/../../../../avr/lib/avr6\libc.a(printf.o) (vfprintf)
d:/ides/atmel/studio/7.0/toolchain/avr8/avr8-gnu-toolchain/bin/../lib/gcc/avr/5.4.0/../../../../avr/lib/avr6\libc.a(strnlen_P.o)
                              d:/ides/atmel/studio/7.0/toolchain/avr8/avr8-gnu-toolchain/bin/../lib/gcc/avr/5.4.0/../../../../avr/lib/avr6\libc.a(vfprintf_std.o) (strnlen_P)
d:/ides/atmel/studio/7.0/toolchain/avr8/avr8-gnu-toolchain/bin/../lib/gcc/avr/5.4.0/../../../../avr/lib/avr6\libc.a(strnlen.o)
                              d:/ides/atmel/studio/7.0/toolchain/avr8/avr8-gnu-toolchain/bin/../lib/gcc/avr/5.4.0/../../../../avr/lib/avr6\libc.a(vfprintf_std.o) (strnlen)
d:/ides/atmel/studio/7.0/toolchain/avr8/avr8-gnu-toolchain/bin/../lib/gcc/avr/5.4.0/../../../../avr/lib/avr6\libc.a(fputc.o)
                              d:/ides/atmel/studio/7.0/toolchain/avr8/avr8-gnu-toolchain/bin/../lib/gcc/avr/5.4.0/../../../../avr/lib/avr6\libc.a(vfprintf_std.o) (fputc)
d:/ides/atmel/studio/7.0/toolchain/avr8/avr8-gnu-toolchain/bin/../lib/gcc/avr/5.4.0/../../../../avr/lib/avr6\libc.a(ultoa_invert.o)
                              d:/ides/atmel/studio/7.0/toolchain/avr8/avr8-gnu-toolchain/bin/../lib/gcc/avr/5.4.0/../../../../avr/lib/avr6\libc.a(vfprintf_std.o) (__ultoa_invert)

Allocating common symbols
Common symbol       size              file

ADC_0_measurement_normalized
                    0x1               examples/src/adc_basic_example.o
ADC_0_measurement   0x2               examples/src/adc_basic_example.o
read_data           0x2               examples/src/i2c_master_example.o
__iob               0x6               d:/ides/atmel/studio/7.0/toolchain/avr8/avr8-gnu-toolchain/bin/../lib/gcc/avr/5.4.0/../../../../avr/lib/avr6\libc.a(iob.o)

Discarded input sections

 .data          0x00000000        0x0 D:/IDEs/Atmel/Studio/7.0/Packs/atmel/ATmega_DFP/1.6.364/gcc/dev/atmega2560/avr6/crtatmega2560.o
 .bss           0x00000000        0x0 D:/IDEs/Atmel/Studio/7.0/Packs/atmel/ATmega_DFP/1.6.364/gcc/dev/atmega2560/avr6/crtatmega2560.o
 .text          0x00000000        0x0 atmel_start.o
 .data          0x00000000        0x0 atmel_start.o
 .bss           0x00000000        0x0 atmel_start.o
 .text          0x00000000        0x0 driver_isr.o
 .data          0x00000000        0x0 driver_isr.o
 .bss           0x00000000        0x0 driver_isr.o
 .text          0x00000000        0x0 examples/src/adc_basic_example.o
 .data          0x00000000        0x0 examples/src/adc_basic_example.o
 .bss           0x00000000        0x0 examples/src/adc_basic_example.o
 .text.ADC_0_test_adc_basic
                0x00000000       0x38 examples/src/adc_basic_example.o
 .debug_info    0x00000000      0x10d examples/src/adc_basic_example.o
 .debug_abbrev  0x00000000       0xa3 examples/src/adc_basic_example.o
 .debug_loc     0x00000000       0x2f examples/src/adc_basic_example.o
 .debug_aranges
                0x00000000       0x20 examples/src/adc_basic_example.o
 .debug_ranges  0x00000000       0x10 examples/src/adc_basic_example.o
 .debug_line    0x00000000       0xd0 examples/src/adc_basic_example.o
 .debug_str     0x00000000      0x220 examples/src/adc_basic_example.o
 .comment       0x00000000       0x31 examples/src/adc_basic_example.o
 .debug_frame   0x00000000       0x30 examples/src/adc_basic_example.o
 COMMON         0x00000000        0x3 examples/src/adc_basic_example.o
 .text          0x00000000        0x0 examples/src/i2c_master_example.o
 .data          0x00000000        0x0 examples/src/i2c_master_example.o
 .bss           0x00000000        0x0 examples/src/i2c_master_example.o
 .text.I2C_0_read_handler
                0x00000000       0x1e examples/src/i2c_master_example.o
 .text.I2C_0_do_transfer
                0x00000000       0x8e examples/src/i2c_master_example.o
 .text.I2C_0_test_i2c_master
                0x00000000       0x10 examples/src/i2c_master_example.o
 .debug_info    0x00000000      0x326 examples/src/i2c_master_example.o
 .debug_abbrev  0x00000000      0x155 examples/src/i2c_master_example.o
 .debug_loc     0x00000000      0x19f examples/src/i2c_master_example.o
 .debug_aranges
                0x00000000       0x30 examples/src/i2c_master_example.o
 .debug_ranges  0x00000000       0x20 examples/src/i2c_master_example.o
 .debug_line    0x00000000      0x189 examples/src/i2c_master_example.o
 .debug_str     0x00000000      0x322 examples/src/i2c_master_example.o
 .comment       0x00000000       0x31 examples/src/i2c_master_example.o
 .debug_frame   0x00000000       0x60 examples/src/i2c_master_example.o
 COMMON         0x00000000        0x2 examples/src/i2c_master_example.o
 .text          0x00000000        0x0 examples/src/usart_basic_example.o
 .data          0x00000000        0x0 examples/src/usart_basic_example.o
 .bss           0x00000000        0x0 examples/src/usart_basic_example.o
 .rodata.str1.1
                0x00000000        0x9 examples/src/usart_basic_example.o
 .text.USART_0_test_usart_basic
                0x00000000       0x72 examples/src/usart_basic_example.o
 .text.USART_1_test_usart_basic
                0x00000000       0x72 examples/src/usart_basic_example.o
 .bss.rx        0x00000000       0x10 examples/src/usart_basic_example.o
 .debug_info    0x00000000      0x1c7 examples/src/usart_basic_example.o
 .debug_abbrev  0x00000000       0xcd examples/src/usart_basic_example.o
 .debug_loc     0x00000000      0x152 examples/src/usart_basic_example.o
 .debug_aranges
                0x00000000       0x28 examples/src/usart_basic_example.o
 .debug_ranges  0x00000000       0x18 examples/src/usart_basic_example.o
 .debug_line    0x00000000      0x196 examples/src/usart_basic_example.o
 .debug_str     0x00000000      0x202 examples/src/usart_basic_example.o
 .comment       0x00000000       0x31 examples/src/usart_basic_example.o
 .debug_frame   0x00000000       0x7c examples/src/usart_basic_example.o
 .text          0x00000000        0x0 main.o
 .data          0x00000000        0x0 main.o
 .bss           0x00000000        0x0 main.o
 .text          0x00000000        0x0 src/adc_basic.o
 .data          0x00000000        0x0 src/adc_basic.o
 .bss           0x00000000        0x0 src/adc_basic.o
 .text.ADC_0_enable
                0x00000000        0xc src/adc_basic.o
 .text.ADC_0_disable
                0x00000000        0xc src/adc_basic.o
 .text.ADC_0_start_conversion
                0x00000000       0x1c src/adc_basic.o
 .text.ADC_0_is_conversion_done
                0x00000000        0xa src/adc_basic.o
 .text.ADC_0_get_conversion_result
                0x00000000       0x12 src/adc_basic.o
 .text.ADC_0_get_conversion
                0x00000000       0x1c src/adc_basic.o
 .text.ADC_0_get_resolution
                0x00000000        0x4 src/adc_basic.o
 .text          0x00000000        0x0 src/adc_mcp3201.o
 .data          0x00000000        0x0 src/adc_mcp3201.o
 .bss           0x00000000        0x0 src/adc_mcp3201.o
 .text.ADC_1_cs_low
                0x00000000        0x6 src/adc_mcp3201.o
 .text.ADC_1_cs_high
                0x00000000        0x6 src/adc_mcp3201.o
 .text.ADC_1_start_conversion
                0x00000000       0x1a src/adc_mcp3201.o
 .text.ADC_1_stop_conversion
                0x00000000        0x6 src/adc_mcp3201.o
 .text.ADC_1_get_conversion_result
                0x00000000       0x52 src/adc_mcp3201.o
 .text          0x00000000        0x0 src/driver_init.o
 .data          0x00000000        0x0 src/driver_init.o
 .bss           0x00000000        0x0 src/driver_init.o
 .text          0x00000000        0x0 src/exint.o
 .data          0x00000000        0x0 src/exint.o
 .bss           0x00000000        0x0 src/exint.o
 .text          0x00000000        0x0 src/i2c_master.o
 .data          0x00000000        0x0 src/i2c_master.o
 .bss           0x00000000        0x0 src/i2c_master.o
 .text.I2C_0_return_stop
                0x00000000        0x4 src/i2c_master.o
 .text.I2C_0_return_reset
                0x00000000        0x4 src/i2c_master.o
 .text.I2C_0_set_callback
                0x00000000       0x52 src/i2c_master.o
 .text.I2C_0_set_data_complete_callback
                0x00000000        0xc src/i2c_master.o
 .text.I2C_0_set_write_collision_callback
                0x00000000        0xc src/i2c_master.o
 .text.I2C_0_set_address_nack_callback
                0x00000000        0xc src/i2c_master.o
 .text.I2C_0_set_data_nack_callback
                0x00000000        0xc src/i2c_master.o
 .text.I2C_0_set_timeout_callback
                0x00000000        0xc src/i2c_master.o
 .text.I2C_0_open
                0x00000000       0x70 src/i2c_master.o
 .text.I2C_0_set_address
                0x00000000        0x6 src/i2c_master.o
 .text.I2C_0_close
                0x00000000       0x2c src/i2c_master.o
 .text.I2C_0_set_timeout
                0x00000000       0x1c src/i2c_master.o
 .text.I2C_0_set_baud_rate
                0x00000000       0x52 src/i2c_master.o
 .text.I2C_0_set_buffer
                0x00000000       0x1e src/i2c_master.o
 .text.I2C_0_master_operation
                0x00000000       0x34 src/i2c_master.o
 .text.I2C_0_master_read
                0x00000000        0x8 src/i2c_master.o
 .text.I2C_0_master_write
                0x00000000        0x8 src/i2c_master.o
 .text          0x00000000        0x0 src/i2c_simple_master.o
 .data          0x00000000        0x0 src/i2c_simple_master.o
 .bss           0x00000000        0x0 src/i2c_simple_master.o
 .text.I2C_0_wr1RegCompleteHandler
                0x00000000       0x18 src/i2c_simple_master.o
 .text.I2C_0_rd1RegCompleteHandler
                0x00000000       0x18 src/i2c_simple_master.o
 .text.I2C_0_rd2RegCompleteHandler
                0x00000000       0x18 src/i2c_simple_master.o
 .text.I2C_0_wr2RegCompleteHandler
                0x00000000       0x18 src/i2c_simple_master.o
 .text.I2C_0_rdBlkRegCompleteHandler
                0x00000000       0x1e src/i2c_simple_master.o
 .text.I2C_0_write1ByteRegister
                0x00000000       0x8a src/i2c_simple_master.o
 .text.I2C_0_writeNBytes
                0x00000000       0x70 src/i2c_simple_master.o
 .text.I2C_0_read1ByteRegister
                0x00000000       0x82 src/i2c_simple_master.o
 .text.I2C_0_read2ByteRegister
                0x00000000       0x64 src/i2c_simple_master.o
 .text.I2C_0_write2ByteRegister
                0x00000000       0x8c src/i2c_simple_master.o
 .text.I2C_0_readDataBlock
                0x00000000       0x98 src/i2c_simple_master.o
 .text.I2C_0_readNBytes
                0x00000000       0x64 src/i2c_simple_master.o
 .debug_info    0x00000000      0x973 src/i2c_simple_master.o
 .debug_abbrev  0x00000000      0x15d src/i2c_simple_master.o
 .debug_loc     0x00000000      0x9d2 src/i2c_simple_master.o
 .debug_aranges
                0x00000000       0x78 src/i2c_simple_master.o
 .debug_ranges  0x00000000       0x68 src/i2c_simple_master.o
 .debug_line    0x00000000      0x50a src/i2c_simple_master.o
 .debug_str     0x00000000      0x40f src/i2c_simple_master.o
 .comment       0x00000000       0x31 src/i2c_simple_master.o
 .debug_frame   0x00000000      0x1b4 src/i2c_simple_master.o
 .text          0x00000000        0x0 src/i2c_types.o
 .data          0x00000000        0x0 src/i2c_types.o
 .bss           0x00000000        0x0 src/i2c_types.o
 .text.i2c_cb_return_stop
                0x00000000        0x4 src/i2c_types.o
 .text.i2c_cb_return_reset
                0x00000000        0x4 src/i2c_types.o
 .text.i2c_cb_restart_write
                0x00000000        0x4 src/i2c_types.o
 .text.i2c_cb_restart_read
                0x00000000        0x4 src/i2c_types.o
 .debug_info    0x00000000      0x146 src/i2c_types.o
 .debug_abbrev  0x00000000       0x9d src/i2c_types.o
 .debug_loc     0x00000000       0x98 src/i2c_types.o
 .debug_aranges
                0x00000000       0x38 src/i2c_types.o
 .debug_ranges  0x00000000       0x28 src/i2c_types.o
 .debug_line    0x00000000       0xa2 src/i2c_types.o
 .debug_str     0x00000000      0x227 src/i2c_types.o
 .comment       0x00000000       0x31 src/i2c_types.o
 .debug_frame   0x00000000       0x54 src/i2c_types.o
 .text          0x00000000        0x0 src/protected_io.o
 .data          0x00000000        0x0 src/protected_io.o
 .bss           0x00000000        0x0 src/protected_io.o
 .text          0x00000000        0x0 src/tc8.o
 .data          0x00000000        0x0 src/tc8.o
 .bss           0x00000000        0x0 src/tc8.o
 .text          0x00000000        0x0 src/usart_basic.o
 .data          0x00000000        0x0 src/usart_basic.o
 .bss           0x00000000        0x0 src/usart_basic.o
 .text.USART_0_enable
                0x00000000        0xc src/usart_basic.o
 .text.USART_0_enable_rx
                0x00000000        0xc src/usart_basic.o
 .text.USART_0_enable_tx
                0x00000000        0xc src/usart_basic.o
 .text.USART_0_disable
                0x00000000        0xc src/usart_basic.o
 .text.USART_0_get_data
                0x00000000        0x6 src/usart_basic.o
 .text.USART_0_is_tx_ready
                0x00000000        0xc src/usart_basic.o
 .text.USART_0_is_rx_ready
                0x00000000        0xc src/usart_basic.o
 .text.USART_0_is_tx_busy
                0x00000000       0x14 src/usart_basic.o
 .text.USART_0_read
                0x00000000        0xe src/usart_basic.o
 .text.USART_1_set_ISR_cb
                0x00000000       0x1e src/usart_basic.o
 .text.USART_1_is_tx_ready
                0x00000000        0xe src/usart_basic.o
 .text.USART_1_is_rx_ready
                0x00000000        0xe src/usart_basic.o
 .text.USART_1_is_tx_busy
                0x00000000       0x14 src/usart_basic.o
 .text.USART_1_read
                0x00000000       0x32 src/usart_basic.o
 .text.USART_1_enable
                0x00000000        0xc src/usart_basic.o
 .text.USART_1_enable_rx
                0x00000000        0xc src/usart_basic.o
 .text.USART_1_enable_tx
                0x00000000        0xc src/usart_basic.o
 .text.USART_1_disable
                0x00000000        0xc src/usart_basic.o
 .text.USART_1_get_data
                0x00000000        0x6 src/usart_basic.o
 .text          0x00000000        0x0 src/wdt.o
 .data          0x00000000        0x0 src/wdt.o
 .bss           0x00000000        0x0 src/wdt.o
 .text.WDT_0_init
                0x00000000       0x16 src/wdt.o
 .debug_info    0x00000000       0xc3 src/wdt.o
 .debug_abbrev  0x00000000       0x7c src/wdt.o
 .debug_aranges
                0x00000000       0x20 src/wdt.o
 .debug_ranges  0x00000000       0x10 src/wdt.o
 .debug_line    0x00000000       0xbc src/wdt.o
 .debug_str     0x00000000      0x1a5 src/wdt.o
 .comment       0x00000000       0x31 src/wdt.o
 .debug_frame   0x00000000       0x24 src/wdt.o
 .text          0x00000000        0x0 d:/ides/atmel/studio/7.0/toolchain/avr8/avr8-gnu-toolchain/bin/../lib/gcc/avr/5.4.0/avr6\libgcc.a(_udivmodsi4.o)
 .data          0x00000000        0x0 d:/ides/atmel/studio/7.0/toolchain/avr8/avr8-gnu-toolchain/bin/../lib/gcc/avr/5.4.0/avr6\libgcc.a(_udivmodsi4.o)
 .bss           0x00000000        0x0 d:/ides/atmel/studio/7.0/toolchain/avr8/avr8-gnu-toolchain/bin/../lib/gcc/avr/5.4.0/avr6\libgcc.a(_udivmodsi4.o)
 .text.libgcc.mul
                0x00000000        0x0 d:/ides/atmel/studio/7.0/toolchain/avr8/avr8-gnu-toolchain/bin/../lib/gcc/avr/5.4.0/avr6\libgcc.a(_udivmodsi4.o)
 .text.libgcc.div
                0x00000000       0x44 d:/ides/atmel/studio/7.0/toolchain/avr8/avr8-gnu-toolchain/bin/../lib/gcc/avr/5.4.0/avr6\libgcc.a(_udivmodsi4.o)
 .text.libgcc   0x00000000        0x0 d:/ides/atmel/studio/7.0/toolchain/avr8/avr8-gnu-toolchain/bin/../lib/gcc/avr/5.4.0/avr6\libgcc.a(_udivmodsi4.o)
 .text.libgcc.prologue
                0x00000000        0x0 d:/ides/atmel/studio/7.0/toolchain/avr8/avr8-gnu-toolchain/bin/../lib/gcc/avr/5.4.0/avr6\libgcc.a(_udivmodsi4.o)
 .text.libgcc.builtins
                0x00000000        0x0 d:/ides/atmel/studio/7.0/toolchain/avr8/avr8-gnu-toolchain/bin/../lib/gcc/avr/5.4.0/avr6\libgcc.a(_udivmodsi4.o)
 .text.libgcc.fmul
                0x00000000        0x0 d:/ides/atmel/studio/7.0/toolchain/avr8/avr8-gnu-toolchain/bin/../lib/gcc/avr/5.4.0/avr6\libgcc.a(_udivmodsi4.o)
 .text.libgcc.fixed
                0x00000000        0x0 d:/ides/atmel/studio/7.0/toolchain/avr8/avr8-gnu-toolchain/bin/../lib/gcc/avr/5.4.0/avr6\libgcc.a(_udivmodsi4.o)
 .text          0x00000000        0x0 d:/ides/atmel/studio/7.0/toolchain/avr8/avr8-gnu-toolchain/bin/../lib/gcc/avr/5.4.0/avr6\libgcc.a(_exit.o)
 .data          0x00000000        0x0 d:/ides/atmel/studio/7.0/toolchain/avr8/avr8-gnu-toolchain/bin/../lib/gcc/avr/5.4.0/avr6\libgcc.a(_exit.o)
 .bss           0x00000000        0x0 d:/ides/atmel/studio/7.0/toolchain/avr8/avr8-gnu-toolchain/bin/../lib/gcc/avr/5.4.0/avr6\libgcc.a(_exit.o)
 .text.libgcc.mul
                0x00000000        0x0 d:/ides/atmel/studio/7.0/toolchain/avr8/avr8-gnu-toolchain/bin/../lib/gcc/avr/5.4.0/avr6\libgcc.a(_exit.o)
 .text.libgcc.div
                0x00000000        0x0 d:/ides/atmel/studio/7.0/toolchain/avr8/avr8-gnu-toolchain/bin/../lib/gcc/avr/5.4.0/avr6\libgcc.a(_exit.o)
 .text.libgcc   0x00000000        0x0 d:/ides/atmel/studio/7.0/toolchain/avr8/avr8-gnu-toolchain/bin/../lib/gcc/avr/5.4.0/avr6\libgcc.a(_exit.o)
 .text.libgcc.prologue
                0x00000000        0x0 d:/ides/atmel/studio/7.0/toolchain/avr8/avr8-gnu-toolchain/bin/../lib/gcc/avr/5.4.0/avr6\libgcc.a(_exit.o)
 .text.libgcc.builtins
                0x00000000        0x0 d:/ides/atmel/studio/7.0/toolchain/avr8/avr8-gnu-toolchain/bin/../lib/gcc/avr/5.4.0/avr6\libgcc.a(_exit.o)
 .text.libgcc.fmul
                0x00000000        0x0 d:/ides/atmel/studio/7.0/toolchain/avr8/avr8-gnu-toolchain/bin/../lib/gcc/avr/5.4.0/avr6\libgcc.a(_exit.o)
 .text.libgcc.fixed
                0x00000000        0x0 d:/ides/atmel/studio/7.0/toolchain/avr8/avr8-gnu-toolchain/bin/../lib/gcc/avr/5.4.0/avr6\libgcc.a(_exit.o)
 .text          0x00000000        0x0 d:/ides/atmel/studio/7.0/toolchain/avr8/avr8-gnu-toolchain/bin/../lib/gcc/avr/5.4.0/avr6\libgcc.a(_copy_data.o)
 .data          0x00000000        0x0 d:/ides/atmel/studio/7.0/toolchain/avr8/avr8-gnu-toolchain/bin/../lib/gcc/avr/5.4.0/avr6\libgcc.a(_copy_data.o)
 .bss           0x00000000        0x0 d:/ides/atmel/studio/7.0/toolchain/avr8/avr8-gnu-toolchain/bin/../lib/gcc/avr/5.4.0/avr6\libgcc.a(_copy_data.o)
 .text.libgcc.mul
                0x00000000        0x0 d:/ides/atmel/studio/7.0/toolchain/avr8/avr8-gnu-toolchain/bin/../lib/gcc/avr/5.4.0/avr6\libgcc.a(_copy_data.o)
 .text.libgcc.div
                0x00000000        0x0 d:/ides/atmel/studio/7.0/toolchain/avr8/avr8-gnu-toolchain/bin/../lib/gcc/avr/5.4.0/avr6\libgcc.a(_copy_data.o)
 .text.libgcc   0x00000000        0x0 d:/ides/atmel/studio/7.0/toolchain/avr8/avr8-gnu-toolchain/bin/../lib/gcc/avr/5.4.0/avr6\libgcc.a(_copy_data.o)
 .text.libgcc.prologue
                0x00000000        0x0 d:/ides/atmel/studio/7.0/toolchain/avr8/avr8-gnu-toolchain/bin/../lib/gcc/avr/5.4.0/avr6\libgcc.a(_copy_data.o)
 .text.libgcc.builtins
                0x00000000        0x0 d:/ides/atmel/studio/7.0/toolchain/avr8/avr8-gnu-toolchain/bin/../lib/gcc/avr/5.4.0/avr6\libgcc.a(_copy_data.o)
 .text.libgcc.fmul
                0x00000000        0x0 d:/ides/atmel/studio/7.0/toolchain/avr8/avr8-gnu-toolchain/bin/../lib/gcc/avr/5.4.0/avr6\libgcc.a(_copy_data.o)
 .text.libgcc.fixed
                0x00000000        0x0 d:/ides/atmel/studio/7.0/toolchain/avr8/avr8-gnu-toolchain/bin/../lib/gcc/avr/5.4.0/avr6\libgcc.a(_copy_data.o)
 .text          0x00000000        0x0 d:/ides/atmel/studio/7.0/toolchain/avr8/avr8-gnu-toolchain/bin/../lib/gcc/avr/5.4.0/avr6\libgcc.a(_clear_bss.o)
 .data          0x00000000        0x0 d:/ides/atmel/studio/7.0/toolchain/avr8/avr8-gnu-toolchain/bin/../lib/gcc/avr/5.4.0/avr6\libgcc.a(_clear_bss.o)
 .bss           0x00000000        0x0 d:/ides/atmel/studio/7.0/toolchain/avr8/avr8-gnu-toolchain/bin/../lib/gcc/avr/5.4.0/avr6\libgcc.a(_clear_bss.o)
 .text.libgcc.mul
                0x00000000        0x0 d:/ides/atmel/studio/7.0/toolchain/avr8/avr8-gnu-toolchain/bin/../lib/gcc/avr/5.4.0/avr6\libgcc.a(_clear_bss.o)
 .text.libgcc.div
                0x00000000        0x0 d:/ides/atmel/studio/7.0/toolchain/avr8/avr8-gnu-toolchain/bin/../lib/gcc/avr/5.4.0/avr6\libgcc.a(_clear_bss.o)
 .text.libgcc   0x00000000        0x0 d:/ides/atmel/studio/7.0/toolchain/avr8/avr8-gnu-toolchain/bin/../lib/gcc/avr/5.4.0/avr6\libgcc.a(_clear_bss.o)
 .text.libgcc.prologue
                0x00000000        0x0 d:/ides/atmel/studio/7.0/toolchain/avr8/avr8-gnu-toolchain/bin/../lib/gcc/avr/5.4.0/avr6\libgcc.a(_clear_bss.o)
 .text.libgcc.builtins
                0x00000000        0x0 d:/ides/atmel/studio/7.0/toolchain/avr8/avr8-gnu-toolchain/bin/../lib/gcc/avr/5.4.0/avr6\libgcc.a(_clear_bss.o)
 .text.libgcc.fmul
                0x00000000        0x0 d:/ides/atmel/studio/7.0/toolchain/avr8/avr8-gnu-toolchain/bin/../lib/gcc/avr/5.4.0/avr6\libgcc.a(_clear_bss.o)
 .text.libgcc.fixed
                0x00000000        0x0 d:/ides/atmel/studio/7.0/toolchain/avr8/avr8-gnu-toolchain/bin/../lib/gcc/avr/5.4.0/avr6\libgcc.a(_clear_bss.o)
 .text          0x00000000        0x0 d:/ides/atmel/studio/7.0/toolchain/avr8/avr8-gnu-toolchain/bin/../lib/gcc/avr/5.4.0/../../../../avr/lib/avr6\libc.a(strncmp.o)
 .data          0x00000000        0x0 d:/ides/atmel/studio/7.0/toolchain/avr8/avr8-gnu-toolchain/bin/../lib/gcc/avr/5.4.0/../../../../avr/lib/avr6\libc.a(strncmp.o)
 .bss           0x00000000        0x0 d:/ides/atmel/studio/7.0/toolchain/avr8/avr8-gnu-toolchain/bin/../lib/gcc/avr/5.4.0/../../../../avr/lib/avr6\libc.a(strncmp.o)
 .text.avr-libc
                0x00000000       0x1c d:/ides/atmel/studio/7.0/toolchain/avr8/avr8-gnu-toolchain/bin/../lib/gcc/avr/5.4.0/../../../../avr/lib/avr6\libc.a(strncmp.o)
 .text          0x00000000        0x0 d:/ides/atmel/studio/7.0/toolchain/avr8/avr8-gnu-toolchain/bin/../lib/gcc/avr/5.4.0/../../../../avr/lib/avr6\libc.a(iob.o)
 .data          0x00000000        0x0 d:/ides/atmel/studio/7.0/toolchain/avr8/avr8-gnu-toolchain/bin/../lib/gcc/avr/5.4.0/../../../../avr/lib/avr6\libc.a(iob.o)
 .bss           0x00000000        0x0 d:/ides/atmel/studio/7.0/toolchain/avr8/avr8-gnu-toolchain/bin/../lib/gcc/avr/5.4.0/../../../../avr/lib/avr6\libc.a(iob.o)
 .text          0x00000000        0x0 d:/ides/atmel/studio/7.0/toolchain/avr8/avr8-gnu-toolchain/bin/../lib/gcc/avr/5.4.0/../../../../avr/lib/avr6\libc.a(printf.o)
 .data          0x00000000        0x0 d:/ides/atmel/studio/7.0/toolchain/avr8/avr8-gnu-toolchain/bin/../lib/gcc/avr/5.4.0/../../../../avr/lib/avr6\libc.a(printf.o)
 .bss           0x00000000        0x0 d:/ides/atmel/studio/7.0/toolchain/avr8/avr8-gnu-toolchain/bin/../lib/gcc/avr/5.4.0/../../../../avr/lib/avr6\libc.a(printf.o)
 .text.avr-libc
                0x00000000       0x28 d:/ides/atmel/studio/7.0/toolchain/avr8/avr8-gnu-toolchain/bin/../lib/gcc/avr/5.4.0/../../../../avr/lib/avr6\libc.a(printf.o)
 .comment       0x00000000       0x31 d:/ides/atmel/studio/7.0/toolchain/avr8/avr8-gnu-toolchain/bin/../lib/gcc/avr/5.4.0/../../../../avr/lib/avr6\libc.a(printf.o)
 .text          0x00000000        0x0 d:/ides/atmel/studio/7.0/toolchain/avr8/avr8-gnu-toolchain/bin/../lib/gcc/avr/5.4.0/../../../../avr/lib/avr6\libc.a(vfprintf_std.o)
 .data          0x00000000        0x0 d:/ides/atmel/studio/7.0/toolchain/avr8/avr8-gnu-toolchain/bin/../lib/gcc/avr/5.4.0/../../../../avr/lib/avr6\libc.a(vfprintf_std.o)
 .bss           0x00000000        0x0 d:/ides/atmel/studio/7.0/toolchain/avr8/avr8-gnu-toolchain/bin/../lib/gcc/avr/5.4.0/../../../../avr/lib/avr6\libc.a(vfprintf_std.o)
 .text.avr-libc
                0x00000000      0x414 d:/ides/atmel/studio/7.0/toolchain/avr8/avr8-gnu-toolchain/bin/../lib/gcc/avr/5.4.0/../../../../avr/lib/avr6\libc.a(vfprintf_std.o)
 .comment       0x00000000       0x2d d:/ides/atmel/studio/7.0/toolchain/avr8/avr8-gnu-toolchain/bin/../lib/gcc/avr/5.4.0/../../../../avr/lib/avr6\libc.a(vfprintf_std.o)
 .text          0x00000000        0x0 d:/ides/atmel/studio/7.0/toolchain/avr8/avr8-gnu-toolchain/bin/../lib/gcc/avr/5.4.0/../../../../avr/lib/avr6\libc.a(strnlen_P.o)
 .data          0x00000000        0x0 d:/ides/atmel/studio/7.0/toolchain/avr8/avr8-gnu-toolchain/bin/../lib/gcc/avr/5.4.0/../../../../avr/lib/avr6\libc.a(strnlen_P.o)
 .bss           0x00000000        0x0 d:/ides/atmel/studio/7.0/toolchain/avr8/avr8-gnu-toolchain/bin/../lib/gcc/avr/5.4.0/../../../../avr/lib/avr6\libc.a(strnlen_P.o)
 .text.avr-libc
                0x00000000       0x16 d:/ides/atmel/studio/7.0/toolchain/avr8/avr8-gnu-toolchain/bin/../lib/gcc/avr/5.4.0/../../../../avr/lib/avr6\libc.a(strnlen_P.o)
 .text          0x00000000        0x0 d:/ides/atmel/studio/7.0/toolchain/avr8/avr8-gnu-toolchain/bin/../lib/gcc/avr/5.4.0/../../../../avr/lib/avr6\libc.a(strnlen.o)
 .data          0x00000000        0x0 d:/ides/atmel/studio/7.0/toolchain/avr8/avr8-gnu-toolchain/bin/../lib/gcc/avr/5.4.0/../../../../avr/lib/avr6\libc.a(strnlen.o)
 .bss           0x00000000        0x0 d:/ides/atmel/studio/7.0/toolchain/avr8/avr8-gnu-toolchain/bin/../lib/gcc/avr/5.4.0/../../../../avr/lib/avr6\libc.a(strnlen.o)
 .text.avr-libc
                0x00000000       0x16 d:/ides/atmel/studio/7.0/toolchain/avr8/avr8-gnu-toolchain/bin/../lib/gcc/avr/5.4.0/../../../../avr/lib/avr6\libc.a(strnlen.o)
 .text          0x00000000        0x0 d:/ides/atmel/studio/7.0/toolchain/avr8/avr8-gnu-toolchain/bin/../lib/gcc/avr/5.4.0/../../../../avr/lib/avr6\libc.a(fputc.o)
 .data          0x00000000        0x0 d:/ides/atmel/studio/7.0/toolchain/avr8/avr8-gnu-toolchain/bin/../lib/gcc/avr/5.4.0/../../../../avr/lib/avr6\libc.a(fputc.o)
 .bss           0x00000000        0x0 d:/ides/atmel/studio/7.0/toolchain/avr8/avr8-gnu-toolchain/bin/../lib/gcc/avr/5.4.0/../../../../avr/lib/avr6\libc.a(fputc.o)
 .text.avr-libc
                0x00000000       0x78 d:/ides/atmel/studio/7.0/toolchain/avr8/avr8-gnu-toolchain/bin/../lib/gcc/avr/5.4.0/../../../../avr/lib/avr6\libc.a(fputc.o)
 .comment       0x00000000       0x31 d:/ides/atmel/studio/7.0/toolchain/avr8/avr8-gnu-toolchain/bin/../lib/gcc/avr/5.4.0/../../../../avr/lib/avr6\libc.a(fputc.o)
 .text          0x00000000        0x0 d:/ides/atmel/studio/7.0/toolchain/avr8/avr8-gnu-toolchain/bin/../lib/gcc/avr/5.4.0/../../../../avr/lib/avr6\libc.a(ultoa_invert.o)
 .data          0x00000000        0x0 d:/ides/atmel/studio/7.0/toolchain/avr8/avr8-gnu-toolchain/bin/../lib/gcc/avr/5.4.0/../../../../avr/lib/avr6\libc.a(ultoa_invert.o)
 .bss           0x00000000        0x0 d:/ides/atmel/studio/7.0/toolchain/avr8/avr8-gnu-toolchain/bin/../lib/gcc/avr/5.4.0/../../../../avr/lib/avr6\libc.a(ultoa_invert.o)
 .text.avr-libc
                0x00000000       0xbc d:/ides/atmel/studio/7.0/toolchain/avr8/avr8-gnu-toolchain/bin/../lib/gcc/avr/5.4.0/../../../../avr/lib/avr6\libc.a(ultoa_invert.o)

Memory Configuration

Name             Origin             Length             Attributes
text             0x00000000         0x00040000         xr
data             0x00800200         0x00002000         rw !x
eeprom           0x00810000         0x00001000         rw !x
fuse             0x00820000         0x00000003         rw !x
lock             0x00830000         0x00000400         rw !x
signature        0x00840000         0x00000400         rw !x
user_signatures  0x00850000         0x00000400         rw !x
*default*        0x00000000         0xffffffff

Linker script and memory map

Address of section .data set to 0x800200
LOAD D:/IDEs/Atmel/Studio/7.0/Packs/atmel/ATmega_DFP/1.6.364/gcc/dev/atmega2560/avr6/crtatmega2560.o
LOAD atmel_start.o
LOAD driver_isr.o
LOAD examples/src/adc_basic_example.o
LOAD examples/src/i2c_master_example.o
LOAD examples/src/usart_basic_example.o
LOAD main.o
LOAD src/adc_basic.o
LOAD src/adc_mcp3201.o
LOAD src/driver_init.o
LOAD src/exint.o
LOAD src/i2c_master.o
LOAD src/i2c_simple_master.o
LOAD src/i2c_types.o
LOAD src/protected_io.o
LOAD src/tc8.o
LOAD src/usart_basic.o
LOAD src/wdt.o
START GROUP
LOAD d:/ides/atmel/studio/7.0/toolchain/avr8/avr8-gnu-toolchain/bin/../lib/gcc/avr/5.4.0/../../../../avr/lib/avr6\libm.a
END GROUP
START GROUP
LOAD d:/ides/atmel/studio/7.0/toolchain/avr8/avr8-gnu-toolchain/bin/../lib/gcc/avr/5.4.0/avr6\libgcc.a
LOAD d:/ides/atmel/studio/7.0/toolchain/avr8/avr8-gnu-toolchain/bin/../lib/gcc/avr/5.4.0/../../../../avr/lib/avr6\libm.a
LOAD d:/ides/atmel/studio/7.0/toolchain/avr8/avr8-gnu-toolchain/bin/../lib/gcc/avr/5.4.0/../../../../avr/lib/avr6\libc.a
LOAD D:/IDEs/Atmel/Studio/7.0/Packs/atmel/ATmega_DFP/1.6.364/gcc/dev/atmega2560/avr6\libatmega2560.a
END GROUP
                0x00000000                __TEXT_REGION_ORIGIN__ = DEFINED (__TEXT_REGION_ORIGIN__)?__TEXT_REGION_ORIGIN__:0x0
                [0x00800200]                __DATA_REGION_ORIGIN__ = DEFINED (__DATA_REGION_ORIGIN__)?__DATA_REGION_ORIGIN__:0x800200
                [0x00040000]                __TEXT_REGION_LENGTH__ = DEFINED (__TEXT_REGION_LENGTH__)?__TEXT_REGION_LENGTH__:0x100000
                [0x00002000]                __DATA_REGION_LENGTH__ = DEFINED (__DATA_REGION_LENGTH__)?__DATA_REGION_LENGTH__:0xfe00
                [0x00001000]                __EEPROM_REGION_LENGTH__ = DEFINED (__EEPROM_REGION_LENGTH__)?__EEPROM_REGION_LENGTH__:0x10000
                [0x00000003]                __FUSE_REGION_LENGTH__ = DEFINED (__FUSE_REGION_LENGTH__)?__FUSE_REGION_LENGTH__:0x400
                0x00000400                __LOCK_REGION_LENGTH__ = DEFINED (__LOCK_REGION_LENGTH__)?__LOCK_REGION_LENGTH__:0x400
                0x00000400                __SIGNATURE_REGION_LENGTH__ = DEFINED (__SIGNATURE_REGION_LENGTH__)?__SIGNATURE_REGION_LENGTH__:0x400
                0x00000400                __USER_SIGNATURE_REGION_LENGTH__ = DEFINED (__USER_SIGNATURE_REGION_LENGTH__)?__USER_SIGNATURE_REGION_LENGTH__:0x400

.hash
 *(.hash)

.dynsym
 *(.dynsym)

.dynstr
 *(.dynstr)

.gnu.version
 *(.gnu.version)

.gnu.version_d
 *(.gnu.version_d)

.gnu.version_r
 *(.gnu.version_r)

.rel.init
 *(.rel.init)

.rela.init
 *(.rela.init)

.rel.text
 *(.rel.text)
 *(.rel.text.*)
 *(.rel.gnu.linkonce.t*)

.rela.text
 *(.rela.text)
 *(.rela.text.*)
 *(.rela.gnu.linkonce.t*)

.rel.fini
 *(.rel.fini)

.rela.fini
 *(.rela.fini)

.rel.rodata
 *(.rel.rodata)
 *(.rel.rodata.*)
 *(.rel.gnu.linkonce.r*)

.rela.rodata
 *(.rela.rodata)
 *(.rela.rodata.*)
 *(.rela.gnu.linkonce.r*)

.rel.data
 *(.rel.data)
 *(.rel.data.*)
 *(.rel.gnu.linkonce.d*)

.rela.data
 *(.rela.data)
 *(.rela.data.*)
 *(.rela.gnu.linkonce.d*)

.rel.ctors
 *(.rel.ctors)

.rela.ctors
 *(.rela.ctors)

.rel.dtors
 *(.rel.dtors)

.rela.dtors
 *(.rela.dtors)

.rel.got
 *(.rel.got)

.rela.got
 *(.rela.got)

.rel.bss
 *(.rel.bss)

.rela.bss
 *(.rela.bss)

.rel.plt
 *(.rel.plt)

.rela.plt
 *(.rela.plt)

.text           0x00000000      0xa64
 *(.vectors)
 .vectors       0x00000000       0xe4 D:/IDEs/Atmel/Studio/7.0/Packs/atmel/ATmega_DFP/1.6.364/gcc/dev/atmega2560/avr6/crtatmega2560.o
                0x00000000                __vector_default
                0x00000000                __vectors
 *(.vectors)
 *(.progmem.gcc*)
                0x000000e4                . = ALIGN (0x2)
                0x000000e4                __trampolines_start = .
 *(.trampolines)
 .trampolines   0x000000e4        0x0 linker stubs
 *(.trampolines*)
                0x000000e4                __trampolines_end = .
 *libprintf_flt.a:*(.progmem.data)
 *libc.a:*(.progmem.data)
 *(.progmem*)
                0x000000e4                . = ALIGN (0x2)
 *(.jumptables)
 *(.jumptables*)
 *(.lowtext)
 *(.lowtext*)
                0x000000e4                __ctors_start = .
 *(.ctors)
                0x000000e4                __ctors_end = .
                0x000000e4                __dtors_start = .
 *(.dtors)
                0x000000e4                __dtors_end = .
 SORT(*)(.ctors)
 SORT(*)(.dtors)
 *(.init0)
 .init0         0x000000e4        0x0 D:/IDEs/Atmel/Studio/7.0/Packs/atmel/ATmega_DFP/1.6.364/gcc/dev/atmega2560/avr6/crtatmega2560.o
                0x000000e4                __init
 *(.init0)
 *(.init1)
 *(.init1)
 *(.init2)
 .init2         0x000000e4       0x10 D:/IDEs/Atmel/Studio/7.0/Packs/atmel/ATmega_DFP/1.6.364/gcc/dev/atmega2560/avr6/crtatmega2560.o
 *(.init2)
 *(.init3)
 *(.init3)
 *(.init4)
 .init4         0x000000f4       0x1a d:/ides/atmel/studio/7.0/toolchain/avr8/avr8-gnu-toolchain/bin/../lib/gcc/avr/5.4.0/avr6\libgcc.a(_copy_data.o)
                0x000000f4                __do_copy_data
 .init4         0x0000010e       0x10 d:/ides/atmel/studio/7.0/toolchain/avr8/avr8-gnu-toolchain/bin/../lib/gcc/avr/5.4.0/avr6\libgcc.a(_clear_bss.o)
                0x0000010e                __do_clear_bss
 *(.init4)
 *(.init5)
 *(.init5)
 *(.init6)
 *(.init6)
 *(.init7)
 *(.init7)
 *(.init8)
 *(.init8)
 *(.init9)
 .init9         0x0000011e        0x4 D:/IDEs/Atmel/Studio/7.0/Packs/atmel/ATmega_DFP/1.6.364/gcc/dev/atmega2560/avr6/crtatmega2560.o
 *(.init9)
 *(.text)
 .text          0x00000122        0x2 D:/IDEs/Atmel/Studio/7.0/Packs/atmel/ATmega_DFP/1.6.364/gcc/dev/atmega2560/avr6/crtatmega2560.o
                0x00000122                __vector_38
                0x00000122                __vector_22
                0x00000122                __vector_28
                0x00000122                __vector_1
                0x00000122                __vector_32
                0x00000122                __vector_34
                0x00000122                __vector_24
                0x00000122                __vector_46
                0x00000122                __bad_interrupt
                0x00000122                __vector_31
                0x00000122                __vector_35
                0x00000122                __vector_30
                0x00000122                __vector_45
                0x00000122                __vector_25
                0x00000122                __vector_13
                0x00000122                __vector_17
                0x00000122                __vector_19
                0x00000122                __vector_56
                0x00000122                __vector_7
                0x00000122                __vector_49
                0x00000122                __vector_41
                0x00000122                __vector_43
                0x00000122                __vector_27
                0x00000122                __vector_33
                0x00000122                __vector_47
                0x00000122                __vector_52
                0x00000122                __vector_37
                0x00000122                __vector_44
                0x00000122                __vector_51
                0x00000122                __vector_9
                0x00000122                __vector_2
                0x00000122                __vector_21
                0x00000122                __vector_15
                0x00000122                __vector_36
                0x00000122                __vector_29
                0x00000122                __vector_40
                0x00000122                __vector_8
                0x00000122                __vector_26
                0x00000122                __vector_48
                0x00000122                __vector_14
                0x00000122                __vector_53
                0x00000122                __vector_10
                0x00000122                __vector_50
                0x00000122                __vector_16
                0x00000122                __vector_18
                0x00000122                __vector_20
                0x00000122                __vector_42
                0x00000124                . = ALIGN (0x2)
 *(.text.*)
 .text.atmel_start_init
                0x00000124        0x4 atmel_start.o
                0x00000124                atmel_start_init
 .text.__vector_12
                0x00000128       0x14 driver_isr.o
                0x00000128                __vector_12
 .text.__vector_3
                0x0000013c       0x14 driver_isr.o
                0x0000013c                __vector_3
 .text.__vector_4
                0x00000150       0x14 driver_isr.o
                0x00000150                __vector_4
 .text.__vector_5
                0x00000164       0x14 driver_isr.o
                0x00000164                __vector_5
 .text.__vector_6
                0x00000178       0x14 driver_isr.o
                0x00000178                __vector_6
 .text.__vector_11
                0x0000018c       0x14 driver_isr.o
                0x0000018c                __vector_11
 .text.__vector_23
                0x000001a0       0x14 driver_isr.o
                0x000001a0                __vector_23
 .text.main     0x000001b4       0x36 main.o
                0x000001b4                main
 .text.ADC_0_init
                0x000001ea       0x1c src/adc_basic.o
                0x000001ea                ADC_0_init
 .text.ADC_1_init
                0x00000206       0x10 src/adc_mcp3201.o
                0x00000206                ADC_1_init
 .text.EXTERNAL_IRQ_0_initialization
                0x00000216       0x48 src/driver_init.o
                0x00000216                EXTERNAL_IRQ_0_initialization
 .text.ADC_0_initialization
                0x0000025e        0x4 src/driver_init.o
                0x0000025e                ADC_0_initialization
 .text.I2C_0_initialization
                0x00000262       0x28 src/driver_init.o
                0x00000262                I2C_0_initialization
 .text.ADC_1_initialization
                0x0000028a       0x28 src/driver_init.o
                0x0000028a                ADC_1_initialization
 .text.TIMER_0_initialization
                0x000002b2        0x4 src/driver_init.o
                0x000002b2                TIMER_0_initialization
 .text.USART_0_initialization
                0x000002b6       0x24 src/driver_init.o
                0x000002b6                USART_0_initialization
 .text.USART_1_initialization
                0x000002da       0x24 src/driver_init.o
                0x000002da                USART_1_initialization
 .text.system_init
                0x000002fe       0xfe src/driver_init.o
                0x000002fe                system_init
 .text.EXTERNAL_IRQ_0_init
                0x000003fc       0x1c src/exint.o
                0x000003fc                EXTERNAL_IRQ_0_init
 .text.I2C_0_do_I2C_RESET
                0x00000418       0x16 src/i2c_master.o
 .text.I2C_0_do_I2C_IDLE
                0x0000042e       0x10 src/i2c_master.o
 .text.I2C_0_do_I2C_SEND_RESTART_READ
                0x0000043e        0xe src/i2c_master.o
 .text.I2C_0_do_I2C_SEND_RESTART_WRITE
                0x0000044c        0xe src/i2c_master.o
 .text.I2C_0_do_I2C_SEND_RESTART
                0x0000045a        0xe src/i2c_master.o
 .text.I2C_0_do_I2C_SEND_STOP
                0x00000468        0xe src/i2c_master.o
 .text.I2C_0_do_I2C_DO_ADDRESS_NACK
                0x00000476       0x34 src/i2c_master.o
 .text.I2C_0_do_I2C_SEND_ADR_READ
                0x000004aa       0x3c src/i2c_master.o
 .text.I2C_0_do_I2C_SEND_ADR_WRITE
                0x000004e6       0x36 src/i2c_master.o
 .text.I2C_0_do_I2C_RX_DO_ACK
                0x0000051c       0x36 src/i2c_master.o
 .text.I2C_0_do_I2C_TX_DO_ACK
                0x00000552       0x12 src/i2c_master.o
 .text.I2C_0_do_I2C_DO_NACK_STOP
                0x00000564        0xe src/i2c_master.o
 .text.I2C_0_do_I2C_DO_NACK_RESTART
                0x00000572        0xe src/i2c_master.o
 .text.I2C_0_do_I2C_TX
                0x00000580       0x80 src/i2c_master.o
 .text.I2C_0_do_I2C_RX
                0x00000600       0xb8 src/i2c_master.o
 .text.I2C_0_do_I2C_TX_EMPTY
                0x000006b8       0x82 src/i2c_master.o
 .text.I2C_0_do_I2C_BUS_COLLISION
                0x0000073a       0x34 src/i2c_master.o
 .text.I2C_0_do_I2C_BUS_ERROR
                0x0000076e       0x18 src/i2c_master.o
 .text.I2C_0_master_isr
                0x00000786       0x52 src/i2c_master.o
 .text.I2C_0_init
                0x000007d8       0x1c src/i2c_master.o
                0x000007d8                I2C_0_init
 .text.__vector_39
                0x000007f4       0x4e src/i2c_master.o
                0x000007f4                __vector_39
 .text.protected_write_io
                0x00000842       0x10 src/protected_io.o
                0x00000842                protected_write_io
 .text.TIMER_0_init
                0x00000852       0x1c src/tc8.o
                0x00000852                TIMER_0_init
 .text.USART_1_default_rx_isr_cb
                0x0000086e       0x2c src/usart_basic.o
                0x0000086e                USART_1_default_rx_isr_cb
 .text.USART_1_default_udre_isr_cb
                0x0000089a       0x3e src/usart_basic.o
                0x0000089a                USART_1_default_udre_isr_cb
 .text.USART_0_init
                0x000008d8       0x30 src/usart_basic.o
                0x000008d8                USART_0_init
 .text.USART_0_write
                0x00000908        0xe src/usart_basic.o
                0x00000908                USART_0_write
 .text.USART_0_printCHAR
                0x00000916        0x8 src/usart_basic.o
                0x00000916                USART_0_printCHAR
 .text.__vector_54
                0x0000091e       0x5a src/usart_basic.o
                0x0000091e                __vector_54
 .text.__vector_55
                0x00000978       0x5a src/usart_basic.o
                0x00000978                __vector_55
 .text.USART_1_write
                0x000009d2       0x3e src/usart_basic.o
                0x000009d2                USART_1_write
 .text.USART_1_printCHAR
                0x00000a10        0x8 src/usart_basic.o
                0x00000a10                USART_1_printCHAR
 .text.USART_1_init
                0x00000a18       0x48 src/usart_basic.o
                0x00000a18                USART_1_init
                0x00000a60                . = ALIGN (0x2)
 *(.fini9)
 .fini9         0x00000a60        0x0 d:/ides/atmel/studio/7.0/toolchain/avr8/avr8-gnu-toolchain/bin/../lib/gcc/avr/5.4.0/avr6\libgcc.a(_exit.o)
                0x00000a60                _exit
                0x00000a60                exit
 *(.fini9)
 *(.fini8)
 *(.fini8)
 *(.fini7)
 *(.fini7)
 *(.fini6)
 *(.fini6)
 *(.fini5)
 *(.fini5)
 *(.fini4)
 *(.fini4)
 *(.fini3)
 *(.fini3)
 *(.fini2)
 *(.fini2)
 *(.fini1)
 *(.fini1)
 *(.fini0)
 .fini0         0x00000a60        0x4 d:/ides/atmel/studio/7.0/toolchain/avr8/avr8-gnu-toolchain/bin/../lib/gcc/avr/5.4.0/avr6\libgcc.a(_exit.o)
 *(.fini0)
                0x00000a64                _etext = .

.data           0x00800200       0x44 load address 0x00000a64
                0x00800200                PROVIDE (__data_start, .)
 *(.data)
 *(.data*)
 .data.I2C_0_fsmStateTable
                0x00800200       0x24 src/i2c_master.o
                0x00800200                I2C_0_fsmStateTable
 .data.USART_1_udre_isr_cb
                0x00800224        0x2 src/usart_basic.o
                0x00800224                USART_1_udre_isr_cb
 .data.USART_1_rx_isr_cb
                0x00800226        0x2 src/usart_basic.o
                0x00800226                USART_1_rx_isr_cb
 .data.USART_1_stream
                0x00800228        0xe src/usart_basic.o
                0x00800228                USART_1_stream
 .data.USART_0_stream
                0x00800236        0xe src/usart_basic.o
                0x00800236                USART_0_stream
 *(.gnu.linkonce.d*)
 *(.rodata)
 *(.rodata*)
 *(.gnu.linkonce.r*)
                0x00800244                . = ALIGN (0x2)
                0x00800244                _edata = .
                0x00800244                PROVIDE (__data_end, .)

.bss            0x00800244       0x90
                0x00800244                PROVIDE (__bss_start, .)
 *(.bss)
 *(.bss*)
 .bss.I2C_0_status
                0x00800244       0x24 src/i2c_master.o
                0x00800244                I2C_0_status
 .bss.USART_1_tx_elements
                0x00800268        0x1 src/usart_basic.o
 .bss.USART_1_tx_tail
                0x00800269        0x1 src/usart_basic.o
 .bss.USART_1_tx_head
                0x0080026a        0x1 src/usart_basic.o
 .bss.USART_1_txbuf
                0x0080026b       0x20 src/usart_basic.o
 .bss.USART_1_rx_elements
                0x0080028b        0x1 src/usart_basic.o
 .bss.USART_1_rx_tail
                0x0080028c        0x1 src/usart_basic.o
 .bss.USART_1_rx_head
                0x0080028d        0x1 src/usart_basic.o
 .bss.USART_1_rxbuf
                0x0080028e       0x40 src/usart_basic.o
 *(COMMON)
 COMMON         0x008002ce        0x6 d:/ides/atmel/studio/7.0/toolchain/avr8/avr8-gnu-toolchain/bin/../lib/gcc/avr/5.4.0/../../../../avr/lib/avr6\libc.a(iob.o)
                0x008002ce                __iob
                0x008002d4                PROVIDE (__bss_end, .)
                0x00000a64                __data_load_start = LOADADDR (.data)
                0x00000aa8                __data_load_end = (__data_load_start + SIZEOF (.data))

.noinit         0x008002d4        0x0
                [!provide]                PROVIDE (__noinit_start, .)
 *(.noinit*)
                [!provide]                PROVIDE (__noinit_end, .)
                0x008002d4                _end = .
                [!provide]                PROVIDE (__heap_start, .)

.eeprom         0x00810000        0x0
 *(.eeprom*)
                0x00810000                __eeprom_end = .

.fuse
 *(.fuse)
 *(.lfuse)
 *(.hfuse)
 *(.efuse)

.lock
 *(.lock*)

.signature
 *(.signature*)

.user_signatures
 *(.user_signatures*)

.stab
 *(.stab)

.stabstr
 *(.stabstr)

.stab.excl
 *(.stab.excl)

.stab.exclstr
 *(.stab.exclstr)

.stab.index
 *(.stab.index)

.stab.indexstr
 *(.stab.indexstr)

.comment        0x00000000       0x30
 *(.comment)
 .comment       0x00000000       0x30 atmel_start.o
                                 0x31 (size before relaxing)
 .comment       0x00000030       0x31 driver_isr.o
 .comment       0x00000030       0x31 main.o
 .comment       0x00000030       0x31 src/adc_basic.o
 .comment       0x00000030       0x31 src/adc_mcp3201.o
 .comment       0x00000030       0x31 src/driver_init.o
 .comment       0x00000030       0x31 src/exint.o
 .comment       0x00000030       0x31 src/i2c_master.o
 .comment       0x00000030       0x31 src/tc8.o
 .comment       0x00000030       0x31 src/usart_basic.o
 .comment       0x00000030       0x31 d:/ides/atmel/studio/7.0/toolchain/avr8/avr8-gnu-toolchain/bin/../lib/gcc/avr/5.4.0/../../../../avr/lib/avr6\libc.a(iob.o)

.note.gnu.avr.deviceinfo
                0x00000000       0x40
 .note.gnu.avr.deviceinfo
                0x00000000       0x40 D:/IDEs/Atmel/Studio/7.0/Packs/atmel/ATmega_DFP/1.6.364/gcc/dev/atmega2560/avr6/crtatmega2560.o

.note.gnu.build-id
 *(.note.gnu.build-id)

.debug
 *(.debug)

.line
 *(.line)

.debug_srcinfo
 *(.debug_srcinfo)

.debug_sfnames
 *(.debug_sfnames)

.debug_aranges  0x00000000      0x430
 *(.debug_aranges)
 .debug_aranges
                0x00000000       0x20 atmel_start.o
 .debug_aranges
                0x00000020       0x50 driver_isr.o
 .debug_aranges
                0x00000070       0x20 main.o
 .debug_aranges
                0x00000090       0x58 src/adc_basic.o
 .debug_aranges
                0x000000e8       0x48 src/adc_mcp3201.o
 .debug_aranges
                0x00000130       0x58 src/driver_init.o
 .debug_aranges
                0x00000188       0x20 src/exint.o
 .debug_aranges
                0x000001a8      0x148 src/i2c_master.o
 .debug_aranges
                0x000002f0       0x20 src/protected_io.o
 .debug_aranges
                0x00000310       0x20 src/tc8.o
 .debug_aranges
                0x00000330      0x100 src/usart_basic.o

.debug_pubnames
 *(.debug_pubnames)

.debug_info     0x00000000     0x3e9f
 *(.debug_info .gnu.linkonce.wi.*)
 .debug_info    0x00000000      0xbbc D:/IDEs/Atmel/Studio/7.0/Packs/atmel/ATmega_DFP/1.6.364/gcc/dev/atmega2560/avr6/crtatmega2560.o
 .debug_info    0x00000bbc       0x9a atmel_start.o
 .debug_info    0x00000c56      0x103 driver_isr.o
 .debug_info    0x00000d59      0x14a main.o
 .debug_info    0x00000ea3      0x1c0 src/adc_basic.o
 .debug_info    0x00001063      0x286 src/adc_mcp3201.o
 .debug_info    0x000012e9     0x188d src/driver_init.o
 .debug_info    0x00002b76       0x91 src/exint.o
 .debug_info    0x00002c07      0xaf5 src/i2c_master.o
 .debug_info    0x000036fc       0x8d src/protected_io.o
 .debug_info    0x00003789       0x91 src/tc8.o
 .debug_info    0x0000381a      0x685 src/usart_basic.o

.debug_abbrev   0x00000000     0x1729
 *(.debug_abbrev)
 .debug_abbrev  0x00000000      0xb1a D:/IDEs/Atmel/Studio/7.0/Packs/atmel/ATmega_DFP/1.6.364/gcc/dev/atmega2560/avr6/crtatmega2560.o
 .debug_abbrev  0x00000b1a       0x63 atmel_start.o
 .debug_abbrev  0x00000b7d       0x44 driver_isr.o
 .debug_abbrev  0x00000bc1      0x10d main.o
 .debug_abbrev  0x00000cce       0xf9 src/adc_basic.o
 .debug_abbrev  0x00000dc7      0x1ab src/adc_mcp3201.o
 .debug_abbrev  0x00000f72      0x165 src/driver_init.o
 .debug_abbrev  0x000010d7       0x51 src/exint.o
 .debug_abbrev  0x00001128      0x2c0 src/i2c_master.o
 .debug_abbrev  0x000013e8       0x14 src/protected_io.o
 .debug_abbrev  0x000013fc       0x51 src/tc8.o
 .debug_abbrev  0x0000144d      0x2dc src/usart_basic.o

.debug_line     0x00000000     0x1a93
 *(.debug_line .debug_line.* .debug_line_end)
 .debug_line    0x00000000      0x1fa D:/IDEs/Atmel/Studio/7.0/Packs/atmel/ATmega_DFP/1.6.364/gcc/dev/atmega2560/avr6/crtatmega2560.o
 .debug_line    0x000001fa       0x60 atmel_start.o
 .debug_line    0x0000025a       0xcb driver_isr.o
 .debug_line    0x00000325      0x102 main.o
 .debug_line    0x00000427      0x1a0 src/adc_basic.o
 .debug_line    0x000005c7      0x205 src/adc_mcp3201.o
 .debug_line    0x000007cc      0x3f3 src/driver_init.o
 .debug_line    0x00000bbf       0xb3 src/exint.o
 .debug_line    0x00000c72      0x839 src/i2c_master.o
 .debug_line    0x000014ab       0x6d src/protected_io.o
 .debug_line    0x00001518       0xab src/tc8.o
 .debug_line    0x000015c3      0x4d0 src/usart_basic.o

.debug_frame    0x00000000      0x860
 *(.debug_frame)
 .debug_frame   0x00000000       0x24 atmel_start.o
 .debug_frame   0x00000024       0xd8 driver_isr.o
 .debug_frame   0x000000fc       0x34 main.o
 .debug_frame   0x00000130       0x94 src/adc_basic.o
 .debug_frame   0x000001c4       0x84 src/adc_mcp3201.o
 .debug_frame   0x00000248       0x94 src/driver_init.o
 .debug_frame   0x000002dc       0x24 src/exint.o
 .debug_frame   0x00000300      0x2c8 src/i2c_master.o
 .debug_frame   0x000005c8       0x24 src/tc8.o
 .debug_frame   0x000005ec      0x274 src/usart_basic.o

.debug_str      0x00000000     0x1711
 *(.debug_str)
 .debug_str     0x00000000      0x3e6 D:/IDEs/Atmel/Studio/7.0/Packs/atmel/ATmega_DFP/1.6.364/gcc/dev/atmega2560/avr6/crtatmega2560.o
 .debug_str     0x000003e6      0x167 atmel_start.o
                                0x1a0 (size before relaxing)
 .debug_str     0x0000054d       0x62 driver_isr.o
                                0x1d2 (size before relaxing)
 .debug_str     0x000005af       0x46 main.o
                                0x1d3 (size before relaxing)
 .debug_str     0x000005f5       0xdd src/adc_basic.o
                                0x25d (size before relaxing)
 .debug_str     0x000006d2      0x12d src/adc_mcp3201.o
                                0x2b4 (size before relaxing)
 .debug_str     0x000007ff      0x649 src/driver_init.o
                                0x830 (size before relaxing)
 .debug_str     0x00000e48        0xf src/exint.o
                                0x19d (size before relaxing)
 .debug_str     0x00000e57      0x58b src/i2c_master.o
                                0x82b (size before relaxing)
 .debug_str     0x000013e2        0xd src/tc8.o
                                0x194 (size before relaxing)
 .debug_str     0x000013ef      0x322 src/usart_basic.o
                                0x4db (size before relaxing)

.debug_loc      0x00000000     0x127c
 *(.debug_loc)
 .debug_loc     0x00000000      0x149 driver_isr.o
 .debug_loc     0x00000149       0x72 main.o
 .debug_loc     0x000001bb       0x42 src/adc_basic.o
 .debug_loc     0x000001fd       0xb0 src/adc_mcp3201.o
 .debug_loc     0x000002ad      0x7b3 src/driver_init.o
 .debug_loc     0x00000a60      0x574 src/i2c_master.o
 .debug_loc     0x00000fd4      0x2a8 src/usart_basic.o

.debug_macinfo
 *(.debug_macinfo)

.debug_weaknames
 *(.debug_weaknames)

.debug_funcnames
 *(.debug_funcnames)

.debug_typenames
 *(.debug_typenames)

.debug_varnames
 *(.debug_varnames)

.debug_pubtypes
 *(.debug_pubtypes)

.debug_ranges   0x00000000      0x370
 *(.debug_ranges)
 .debug_ranges  0x00000000       0x10 atmel_start.o
 .debug_ranges  0x00000010       0x40 driver_isr.o
 .debug_ranges  0x00000050       0x10 main.o
 .debug_ranges  0x00000060       0x48 src/adc_basic.o
 .debug_ranges  0x000000a8       0x38 src/adc_mcp3201.o
 .debug_ranges  0x000000e0       0x48 src/driver_init.o
 .debug_ranges  0x00000128       0x10 src/exint.o
 .debug_ranges  0x00000138      0x138 src/i2c_master.o
 .debug_ranges  0x00000270       0x10 src/tc8.o
 .debug_ranges  0x00000280       0xf0 src/usart_basic.o

.debug_macro
 *(.debug_macro)
OUTPUT(DisplayBoard.elf elf32-avr)
LOAD linker stubs
